###############################################################################
#
# IAR ELF Linker V3.11.1.207 for STM8                     22/Sep/2021  22:55:39
# Copyright 2010-2019 IAR Systems AB.
#
#    Output file  =  
#        C:\dev\MCU\STM8\Serial_bootloader\Debug\Exe\SPL_STM8S_template.out
#    Map file     =  
#        C:\dev\MCU\STM8\Serial_bootloader\Debug\List\SPL_STM8S_template.map
#    Command line =  
#        -f C:\Users\ferna\AppData\Local\Temp\EW6639.tmp
#        (C:\dev\MCU\STM8\Serial_bootloader\Debug\Obj\base_logic.o
#        C:\dev\MCU\STM8\Serial_bootloader\Debug\Obj\flash.o
#        C:\dev\MCU\STM8\Serial_bootloader\Debug\Obj\main.o
#        C:\dev\MCU\STM8\Serial_bootloader\Debug\Obj\stm8s_clk.o
#        C:\dev\MCU\STM8\Serial_bootloader\Debug\Obj\stm8s_flash.o
#        C:\dev\MCU\STM8\Serial_bootloader\Debug\Obj\stm8s_gpio.o
#        C:\dev\MCU\STM8\Serial_bootloader\Debug\Obj\stm8s_it.o
#        C:\dev\MCU\STM8\Serial_bootloader\Debug\Obj\stm8s_rst.o
#        C:\dev\MCU\STM8\Serial_bootloader\Debug\Obj\stm8s_tim1.o
#        C:\dev\MCU\STM8\Serial_bootloader\Debug\Obj\stm8s_tim2.o
#        C:\dev\MCU\STM8\Serial_bootloader\Debug\Obj\stm8s_tim4.o
#        C:\dev\MCU\STM8\Serial_bootloader\Debug\Obj\stm8s_uart1.o
#        C:\dev\MCU\STM8\Serial_bootloader\Debug\Obj\uart.o --redirect
#        _Printf=_PrintfSmall --redirect _Scanf=_ScanfSmall --no_out_extension
#        -o C:\dev\MCU\STM8\Serial_bootloader\Debug\Exe\SPL_STM8S_template.out
#        --map
#        C:\dev\MCU\STM8\Serial_bootloader\Debug\List\SPL_STM8S_template.map
#        --log
#        libraries,initialization,modules,redirects,sections,unused_fragments
#        --log_file
#        C:\dev\MCU\STM8\Serial_bootloader\Debug\List\SPL_STM8S_template.log
#        --config C:\dev\MCU\STM8\Serial_bootloader\lnkstm8s103f3.icf
#        --config_def _CSTACK_SIZE=0x100 --config_def _HEAP_SIZE=0x100 --entry
#        __iar_program_start --debug_lib)
#
###############################################################################

*******************************************************************************
*** RUNTIME MODEL ATTRIBUTES
***

__SystemLibrary            = DLib
__code_model               = small
__core                     = stm8
__data_model               = medium
__dlib_file_descriptor     = 0
__dlib_full_locale_support = 0
__rt_version               = 4


*******************************************************************************
*** PLACEMENT SUMMARY
***

"A0":  place at start of [0x000000-0x0000ff] { rw section .vregs };
"A1":  place at end of [0x000000-0x0003ff] { block CSTACK };
"P2":  place in [from 0x000000 to 0x0003ff] {
          block HEAP, rw section __DLIB_PERTHREAD, rw section .far.bss,
          rw section .far.data, rw section .far.noinit,
          rw section .far_func.textrw, rw section .huge.bss,
          rw section .huge.data, rw section .huge.noinit,
          rw section .huge_func.textrw, rw section .iar.dynexit,
          rw section .near.bss, rw section .near.data, rw section .near.noinit,
          rw section .near_func.textrw };
"A2":  place at start of [0x009a00-0x009fff] { block INTVEC };
"P3":  place in [from 0x009a00 to 0x009fff] {
          ro section __DLIB_PERTHREAD_init, ro section .far.data_init,
          ro section .far_func.textrw_init, ro section .huge.data_init,
          ro section .huge_func.textrw_init, ro section .iar.init_table,
          ro section .init_array, ro section .near.data_init,
          ro section .near.rodata, ro section .near_func.text,
          ro section .near_func.textrw_init, ro section .tiny.data_init,
          ro section .tiny.rodata_init };
"P4":  place in [from 0x009a00 to 0x009fff] {
          ro section .far.rodata, ro section .far_func.text };
"P5":  place in [from 0x009a00 to 0x009fff] {
          ro section .huge.rodata, ro section .huge_func.text };
do not initialize {
   rw section .eeprom.noinit, rw section .far.noinit, rw section .huge.noinit,
   rw section .near.noinit, rw section .tiny.noinit, rw section .vregs };
initialize by copy {
   rw section .far.bss, rw section .far.data, rw section .far_func.textrw,
   rw section .huge.bss, rw section .huge.data, rw section .huge_func.textrw,
   rw section .iar.dynexit, rw section .near.bss, rw section .near.data,
   rw section .near_func.textrw, rw section .tiny.bss, rw section .tiny.data,
   ro section .tiny.rodata };

No sections matched the following patterns:

  ro section .far.data_init          in "P3-P5"
  ro section .far.rodata             in "P3-P5"
  ro section .far_func.text          in "P3-P5"
  ro section .far_func.textrw_init   in "P3-P5"
  ro section .huge.data_init         in "P3-P5"
  ro section .huge.rodata            in "P3-P5"
  ro section .huge_func.text         in "P3-P5"
  ro section .huge_func.textrw_init  in "P3-P5"
  ro section .iar.init_table         in "P3-P5"
  ro section .init_array             in "P3-P5"
  ro section .tiny.data_init         in "P3-P5"
  ro section .tiny.rodata_init       in "P3-P5"
  ro section __DLIB_PERTHREAD_init   in "P3-P5"
  rw section .far.bss                in "P2"
  rw section .far.data               in "P2"
  rw section .far.noinit             in "P2"
  rw section .far_func.textrw        in "P2"
  rw section .huge.bss               in "P2"
  rw section .huge.data              in "P2"
  rw section .huge.noinit            in "P2"
  rw section .huge_func.textrw       in "P2"
  rw section .iar.dynexit            in "P2"
  rw section .near.noinit            in "P2"
  rw section .tiny.bss               in "P1"
  rw section .tiny.data              in "P1"
  rw section .tiny.noinit            in "P1"
  rw section .tiny.rodata            in "P1"
  rw section __DLIB_PERTHREAD        in "P2"
  section .eeprom.data               in "P6-P8"
  section .eeprom.noinit             in "P6-P8"
  section .eeprom.rodata             in "P6-P8"


  Section              Kind      Address   Size  Object
  -------              ----      -------   ----  ------
"A0":                                      0x10
  .vregs               uninit   0x000000   0x10  vregs.o [4]
                              - 0x000010   0x10

"P2", part 1 of 2:                        0x130
  P2-1                          0x000010  0x130  <Init block>
    .near.data         inited   0x000010    0x1  main.o [1]
    .near.data         inited   0x000011    0x1  main.o [1]
    .near.data         inited   0x000012    0x1  main.o [1]
    .near.data         inited   0x000013    0x1  main.o [1]
    .near.data         inited   0x000014    0x2  main.o [1]
    .near_func.textrw  inited   0x000016  0x12a  stm8s_flash.o [1]
                              - 0x000140  0x130

"P2", part 2 of 2:                         0x4c
  .near.bss            zero     0x000140   0x40  main.o [1]
  .near.bss            zero     0x000180    0xc  main.o [1]
                              - 0x00018c   0x4c

"A1":                                     0x100
  CSTACK                        0x000300  0x100  <Block>
    CSTACK             uninit   0x000300  0x100  <Block tail>
                              - 0x000400  0x100

"A2":                                      0x80
  INTVEC                        0x009a00   0x80  <Block>
    .intvec            const    0x009a00   0x80  interrupt.o [4]
                              - 0x009a80   0x80

"P3-P5":                                  0x568
  Initializer bytes    const    0x009a80  0x130  <for P2-1>
  .near_func.text      ro code  0x009bb0   0xf8  main.o [1]
  .near_func.text      ro code  0x009ca8   0xa4  long.o [4]
  .near_func.text      ro code  0x009d4c   0x6c  vreg_util.o [4]
  .near_func.text      ro code  0x009db8   0x52  stm8s_flash.o [1]
  .near_func.text      ro code  0x009e0a   0x3f  main.o [1]
  .near.rodata         const    0x009e49   0x3c  stm8s_flash.o [1]
  .near_func.text      ro code  0x009e85   0x3b  stm8s_flash.o [1]
  .near_func.text      ro code  0x009ec0   0x2b  stm8s_flash.o [1]
  .near_func.text      ro code  0x009eeb   0x28  init_small.o [4]
  .iar.init_table      const    0x009f13   0x12  - Linker created -
  .near_func.text      ro code  0x009f25   0x1e  init_small.o [4]
  .near_func.text      ro code  0x009f43   0x15  uart.o [1]
  .near_func.text      ro code  0x009f58   0x14  init.o [4]
  .near_func.text      ro code  0x009f6c   0x14  __dbg_xxexit.o [3]
  .near_func.text      ro code  0x009f80   0x13  cstartup.o [4]
  .near_func.text      ro code  0x009f93    0xc  uart.o [1]
  .near_func.text      ro code  0x009f9f    0xc  uart.o [1]
  .near_func.text      ro code  0x009fab    0x5  stm8s_it.o [1]
  .near_func.text      ro code  0x009fb0    0x5  cexit.o [4]
  .near_func.text      ro code  0x009fb5    0x3  stm8s_it.o [1]
  .near_func.text      ro code  0x009fb8    0x3  interrupt.o [4]
  .near_func.text      ro code  0x009fbb    0x3  low_level_init.o [4]
  .near_func.text      ro code  0x009fbe    0x3  exit.o [4]
  .near_func.text      ro code  0x009fc1    0x3  unhandled_exception.o [4]
  .near_func.text      ro code  0x009fc4    0x2  stm8s_it.o [1]
  .near_func.text      ro code  0x009fc6    0x2  stm8s_it.o [1]
  .near_func.text      ro code  0x009fc8    0x2  stm8s_it.o [1]
  .near_func.text      ro code  0x009fca    0x2  stm8s_it.o [1]
  .near_func.text      ro code  0x009fcc    0x2  stm8s_it.o [1]
  .near_func.text      ro code  0x009fce    0x2  stm8s_it.o [1]
  .near_func.text      ro code  0x009fd0    0x2  stm8s_it.o [1]
  .near_func.text      ro code  0x009fd2    0x2  stm8s_it.o [1]
  .near_func.text      ro code  0x009fd4    0x2  stm8s_it.o [1]
  .near_func.text      ro code  0x009fd6    0x2  stm8s_it.o [1]
  .near_func.text      ro code  0x009fd8    0x2  stm8s_it.o [1]
  .near_func.text      ro code  0x009fda    0x2  stm8s_it.o [1]
  .near_func.text      ro code  0x009fdc    0x2  stm8s_it.o [1]
  .near_func.text      ro code  0x009fde    0x2  stm8s_it.o [1]
  .near_func.text      ro code  0x009fe0    0x2  stm8s_it.o [1]
  .near_func.text      ro code  0x009fe2    0x2  stm8s_it.o [1]
  .near_func.text      ro code  0x009fe4    0x2  stm8s_it.o [1]
  .near_func.text      ro code  0x009fe6    0x1  main.o [1]
  .near_func.text      ro code  0x009fe7    0x1  __dbg_break.o [3]
                              - 0x009fe8  0x568


*******************************************************************************
*** INIT TABLE
***

          Address   Size
          -------   ----
Zero (__iar_zero_init2)
    1 destination range, total size 0x4c:
          0x000140   0x4c

Copy (__iar_copy_init2)
    1 source range, total size 0x130:
          0x009a80  0x130
    1 destination range, total size 0x130:
          0x000010  0x130



*******************************************************************************
*** MODULE SUMMARY
***

    Module                 ro code  rw code  ro data  rw data
    ------                 -------  -------  -------  -------
C:\dev\MCU\STM8\Serial_bootloader\Debug\Obj: [1]
    main.o                     312                 6       82
    stm8s_flash.o              184      298      358
    stm8s_it.o                  42
    uart.o                      45
    ---------------------------------------------------------
    Total:                     583      298      364       82

command line: [2]
    ---------------------------------------------------------
    Total:

dbgstm8smd.a: [3]
    __dbg_break.o                1
    __dbg_xxexit.o              20
    ---------------------------------------------------------
    Total:                      21

dlstm8smn.a: [4]
    cexit.o                      5
    cstartup.o                  19
    exit.o                       3
    init.o                      20
    init_small.o                70
    interrupt.o                  3               128
    long.o                     164
    low_level_init.o             3
    unhandled_exception.o        3
    vreg_util.o                108
    vregs.o                                                16
    ---------------------------------------------------------
    Total:                     398               128       16

    Linker created                                18      256
-------------------------------------------------------------
    Grand Total:             1 002      298      510      354


*******************************************************************************
*** ENTRY LIST
***

Entry                    Address   Size  Type      Object
-----                    -------   ----  ----      ------
.iar.init_table$$Base   0x009f13          --   Gb  - Linker created -
.iar.init_table$$Limit  0x009f25          --   Gb  - Linker created -
?add32_l0_l0_0x         0x009cab         Code  Gb  long.o [4]
?add32_l0_l0_l1         0x009ca8         Code  Gb  long.o [4]
?b0                     0x000000         Data  Gb  vregs.o [4]
?b1                     0x000001         Data  Gb  vregs.o [4]
?b10                    0x00000a         Data  Gb  vregs.o [4]
?b11                    0x00000b         Data  Gb  vregs.o [4]
?b12                    0x00000c         Data  Gb  vregs.o [4]
?b13                    0x00000d         Data  Gb  vregs.o [4]
?b14                    0x00000e         Data  Gb  vregs.o [4]
?b15                    0x00000f         Data  Gb  vregs.o [4]
?b2                     0x000002         Data  Gb  vregs.o [4]
?b3                     0x000003         Data  Gb  vregs.o [4]
?b4                     0x000004         Data  Gb  vregs.o [4]
?b5                     0x000005         Data  Gb  vregs.o [4]
?b6                     0x000006         Data  Gb  vregs.o [4]
?b7                     0x000007         Data  Gb  vregs.o [4]
?b8                     0x000008         Data  Gb  vregs.o [4]
?b9                     0x000009         Data  Gb  vregs.o [4]
?e0                     0x000001         Data  Gb  vregs.o [4]
?e1                     0x000005         Data  Gb  vregs.o [4]
?e2                     0x000009         Data  Gb  vregs.o [4]
?e3                     0x00000d         Data  Gb  vregs.o [4]
?epilogue_l2            0x009da7         Code  Gb  vreg_util.o [4]
?epilogue_l2_l3         0x009da4         Code  Gb  vreg_util.o [4]
?l0                     0x000000         Data  Gb  vregs.o [4]
?l1                     0x000004         Data  Gb  vregs.o [4]
?l2                     0x000008         Data  Gb  vregs.o [4]
?l3                     0x00000c         Data  Gb  vregs.o [4]
?mov_e2_e0              0x009dae         Code  Gb  vreg_util.o [4]
?mov_l2_l0              0x009dab         Code  Gb  vreg_util.o [4]
?mov_w5_w1              0x009db1         Code  Gb  vreg_util.o [4]
?mul32_l0_l0_l1         0x009cc3         Code  Gb  long.o [4]
?pop_l2                 0x009d86         Code  Gb  vreg_util.o [4]
?pop_l3                 0x009d91         Code  Gb  vreg_util.o [4]
?push_l2                0x009d64         Code  Gb  vreg_util.o [4]
?push_w4                0x009d4c         Code  Gb  vreg_util.o [4]
?sext32_l0_x            0x009d41         Code  Gb  long.o [4]
?w0                     0x000000         Data  Gb  vregs.o [4]
?w1                     0x000002         Data  Gb  vregs.o [4]
?w2                     0x000004         Data  Gb  vregs.o [4]
?w3                     0x000006         Data  Gb  vregs.o [4]
?w4                     0x000008         Data  Gb  vregs.o [4]
?w5                     0x00000a         Data  Gb  vregs.o [4]
?w6                     0x00000c         Data  Gb  vregs.o [4]
?w7                     0x00000e         Data  Gb  vregs.o [4]
ADC1_IRQHandler         0x009fe0    0x2  Code  Gb  stm8s_it.o [1]
AWU_IRQHandler          0x009fc6    0x2  Code  Gb  stm8s_it.o [1]
CLK_IRQHandler          0x009fc8    0x2  Code  Gb  stm8s_it.o [1]
CSTACK$$Base            0x000300          --   Gb  - Linker created -
CSTACK$$Limit           0x000400          --   Gb  - Linker created -
EEPROM_EEC_IRQHandler   0x009fe4    0x2  Code  Gb  stm8s_it.o [1]
EXTI_PORTA_IRQHandler   0x009fca    0x2  Code  Gb  stm8s_it.o [1]
EXTI_PORTB_IRQHandler   0x009fcc    0x2  Code  Gb  stm8s_it.o [1]
EXTI_PORTC_IRQHandler   0x009fce    0x2  Code  Gb  stm8s_it.o [1]
EXTI_PORTD_IRQHandler   0x009fd0    0x2  Code  Gb  stm8s_it.o [1]
EXTI_PORTE_IRQHandler   0x009fd2    0x2  Code  Gb  stm8s_it.o [1]
FLASH_Lock              0x009ec0   0x2b  Code  Gb  stm8s_flash.o [1]
FLASH_ProgramBlock      0x000016  0x12a  Code  Gb  stm8s_flash.o [1]
FLASH_ReadByte          0x009db8   0x52  Code  Gb  stm8s_flash.o [1]
FLASH_Unlock            0x009e85   0x3b  Code  Gb  stm8s_flash.o [1]
I2C_IRQHandler          0x009fde    0x2  Code  Gb  stm8s_it.o [1]
INTVEC$$Base            0x009a00          --   Gb  - Linker created -
INTVEC$$Limit           0x009a80          --   Gb  - Linker created -
RXBuff                  0x000140   0x40  Data  Gb  main.o [1]
Region$$Table$$Base     0x009f13          --   Gb  - Linker created -
Region$$Table$$Limit    0x009f25          --   Gb  - Linker created -
SPI_IRQHandler          0x009fd4    0x2  Code  Gb  stm8s_it.o [1]
SystemInit              0x009e0a   0x3f  Code  Gb  main.o [1]
TIM1_CAP_COM_IRQHandler
                        0x009fd8    0x2  Code  Gb  stm8s_it.o [1]
TIM1_UPD_OVF_TRG_BRK_IRQHandler
                        0x009fd6    0x2  Code  Gb  stm8s_it.o [1]
TIM2_CAP_COM_IRQHandler
                        0x009fdc    0x2  Code  Gb  stm8s_it.o [1]
TIM2_UPD_OVF_BRK_IRQHandler
                        0x009fda    0x2  Code  Gb  stm8s_it.o [1]
TIM4_UPD_OVF_IRQHandler
                        0x009fe2    0x2  Code  Gb  stm8s_it.o [1]
TLI_IRQHandler          0x009fc4    0x2  Code  Gb  stm8s_it.o [1]
TRAP_IRQHandler         0x009fab    0x5  Code  Gb  stm8s_it.o [1]
UART1_TX_IRQHandler     0x009fb5    0x3  Code  Gb  stm8s_it.o [1]
__DebugBreak            0x009fe7    0x1  Code  Gb  __dbg_break.o [3]
__exit                  0x009f6c   0x14  Code  Gb  __dbg_xxexit.o [3]
__iar_copy_init2        0x009eeb         Code  Gb  init_small.o [4]
__iar_data_init2        0x009f58   0x14  Code  Gb  init.o [4]
__iar_program_start     0x009f80         Code  Gb  cstartup.o [4]
__iar_unhandled_exception
                        0x009fc1         Code  Gb  unhandled_exception.o [4]
__iar_zero_init2        0x009f25         Code  Gb  init_small.o [4]
__intvec                0x009a00         Data  Gb  interrupt.o [4]
__low_level_init        0x009fbb    0x3  Code  Gb  low_level_init.o [4]
_exit                   0x009fb0         Code  Gb  cexit.o [4]
_interrupt_1            0x009fab         Code  Gb  stm8s_it.o [1]
_interrupt_12           0x009fd4         Code  Gb  stm8s_it.o [1]
_interrupt_13           0x009fd6         Code  Gb  stm8s_it.o [1]
_interrupt_14           0x009fd8         Code  Gb  stm8s_it.o [1]
_interrupt_15           0x009fda         Code  Gb  stm8s_it.o [1]
_interrupt_16           0x009fdc         Code  Gb  stm8s_it.o [1]
_interrupt_19           0x009fb5         Code  Gb  stm8s_it.o [1]
_interrupt_2            0x009fc4         Code  Gb  stm8s_it.o [1]
_interrupt_21           0x009fde         Code  Gb  stm8s_it.o [1]
_interrupt_24           0x009fe0         Code  Gb  stm8s_it.o [1]
_interrupt_25           0x009fe2         Code  Gb  stm8s_it.o [1]
_interrupt_26           0x009fe4         Code  Gb  stm8s_it.o [1]
_interrupt_3            0x009fc6         Code  Gb  stm8s_it.o [1]
_interrupt_4            0x009fc8         Code  Gb  stm8s_it.o [1]
_interrupt_5            0x009fca         Code  Gb  stm8s_it.o [1]
_interrupt_6            0x009fcc         Code  Gb  stm8s_it.o [1]
_interrupt_7            0x009fce         Code  Gb  stm8s_it.o [1]
_interrupt_8            0x009fd0         Code  Gb  stm8s_it.o [1]
_interrupt_9            0x009fd2         Code  Gb  stm8s_it.o [1]
assert_failed           0x009fe6    0x1  Code  Gb  main.o [1]
exit                    0x009fbe    0x3  Code  Gb  exit.o [4]
main                    0x009bb0   0xf8  Code  Gb  main.o [1]
u8ACK                   0x000010    0x1  Data  Gb  main.o [1]
u8BootVersion           0x000013    0x1  Data  Gb  main.o [1]
u8FreeSize              0x000014    0x2  Data  Gb  main.o [1]
u8NACK                  0x000011    0x1  Data  Gb  main.o [1]
u8SoftVersion           0x000012    0x1  Data  Gb  main.o [1]
u8UART_RecieveNoIRQ     0x009f9f    0xc  Code  Gb  uart.o [1]
u8UID                   0x000180    0xc  Data  Gb  main.o [1]
vUART_Config            0x009f43   0x15  Code  Gb  uart.o [1]
vUART_Transmit          0x009f93    0xc  Code  Gb  uart.o [1]


[1] = C:\dev\MCU\STM8\Serial_bootloader\Debug\Obj
[2] = command line
[3] = dbgstm8smd.a
[4] = dlstm8smn.a

  1 002 bytes of readonly  code memory
    298 bytes of readwrite code memory
    510 bytes of readonly  data memory
    354 bytes of readwrite data memory

Errors: none
Warnings: none
