###############################################################################
#
# IAR ELF Linker V3.11.1.207 for STM8                     16/Aug/2021  18:35:10
# Copyright 2010-2019 IAR Systems AB.
#
#    Output file  =  
#        C:\dev\MCU\STM8\Serial_bootloader\Debug\Exe\SPL_STM8S_template.out
#    Map file     =  
#        C:\dev\MCU\STM8\Serial_bootloader\Debug\List\SPL_STM8S_template.map
#    Command line =  
#        -f C:\Users\ferna\AppData\Local\Temp\EW706A.tmp
#        (C:\dev\MCU\STM8\Serial_bootloader\Debug\Obj\base_logic.o
#        C:\dev\MCU\STM8\Serial_bootloader\Debug\Obj\flash.o
#        C:\dev\MCU\STM8\Serial_bootloader\Debug\Obj\main.o
#        C:\dev\MCU\STM8\Serial_bootloader\Debug\Obj\stm8s_clk.o
#        C:\dev\MCU\STM8\Serial_bootloader\Debug\Obj\stm8s_flash.o
#        C:\dev\MCU\STM8\Serial_bootloader\Debug\Obj\stm8s_gpio.o
#        C:\dev\MCU\STM8\Serial_bootloader\Debug\Obj\stm8s_it.o
#        C:\dev\MCU\STM8\Serial_bootloader\Debug\Obj\stm8s_rst.o
#        C:\dev\MCU\STM8\Serial_bootloader\Debug\Obj\stm8s_tim1.o
#        C:\dev\MCU\STM8\Serial_bootloader\Debug\Obj\stm8s_tim2.o
#        C:\dev\MCU\STM8\Serial_bootloader\Debug\Obj\stm8s_tim4.o
#        C:\dev\MCU\STM8\Serial_bootloader\Debug\Obj\stm8s_uart1.o
#        C:\dev\MCU\STM8\Serial_bootloader\Debug\Obj\uart.o --redirect
#        _Printf=_PrintfSmall --redirect _Scanf=_ScanfSmall --no_out_extension
#        -o C:\dev\MCU\STM8\Serial_bootloader\Debug\Exe\SPL_STM8S_template.out
#        --map
#        C:\dev\MCU\STM8\Serial_bootloader\Debug\List\SPL_STM8S_template.map
#        --log
#        libraries,initialization,modules,redirects,sections,unused_fragments
#        --log_file
#        C:\dev\MCU\STM8\Serial_bootloader\Debug\List\SPL_STM8S_template.log
#        --config "C:\Program Files (x86)\IAR Systems\Embedded Workbench
#        8.3\stm8\config\lnkstm8s103f3.icf" --config_def _CSTACK_SIZE=0x100
#        --config_def _HEAP_SIZE=0x100 --entry __iar_program_start --debug_lib)
#
###############################################################################

*******************************************************************************
*** RUNTIME MODEL ATTRIBUTES
***

__SystemLibrary            = DLib
__code_model               = small
__core                     = stm8
__data_model               = medium
__dlib_file_descriptor     = 0
__dlib_full_locale_support = 0
__rt_version               = 4


*******************************************************************************
*** PLACEMENT SUMMARY
***

"A0":  place at start of [0x000000-0x0000ff] { rw section .vregs };
"A1":  place at end of [0x000000-0x0003ff] { block CSTACK };
"P2":  place in [from 0x000000 to 0x0003ff] {
          block HEAP, rw section __DLIB_PERTHREAD, rw section .far.bss,
          rw section .far.data, rw section .far.noinit,
          rw section .far_func.textrw, rw section .huge.bss,
          rw section .huge.data, rw section .huge.noinit,
          rw section .huge_func.textrw, rw section .iar.dynexit,
          rw section .near.bss, rw section .near.data, rw section .near.noinit,
          rw section .near_func.textrw };
"A2":  place at start of [0x008000-0x009fff] { block INTVEC };
"P3":  place in [from 0x008000 to 0x009fff] {
          ro section __DLIB_PERTHREAD_init, ro section .far.data_init,
          ro section .far_func.textrw_init, ro section .huge.data_init,
          ro section .huge_func.textrw_init, ro section .iar.init_table,
          ro section .init_array, ro section .near.data_init,
          ro section .near.rodata, ro section .near_func.text,
          ro section .near_func.textrw_init, ro section .tiny.data_init,
          ro section .tiny.rodata_init };
"P4":  place in [from 0x008000 to 0x009fff] {
          ro section .far.rodata, ro section .far_func.text };
"P5":  place in [from 0x008000 to 0x009fff] {
          ro section .huge.rodata, ro section .huge_func.text };
do not initialize {
   rw section .eeprom.noinit, rw section .far.noinit, rw section .huge.noinit,
   rw section .near.noinit, rw section .tiny.noinit, rw section .vregs };

No sections matched the following patterns:

  ro section .far.data_init          in "P3-P5"
  ro section .far.rodata             in "P3-P5"
  ro section .far_func.text          in "P3-P5"
  ro section .far_func.textrw_init   in "P3-P5"
  ro section .huge.data_init         in "P3-P5"
  ro section .huge.rodata            in "P3-P5"
  ro section .huge_func.text         in "P3-P5"
  ro section .huge_func.textrw_init  in "P3-P5"
  ro section .iar.init_table         in "P3-P5"
  ro section .init_array             in "P3-P5"
  ro section .near.data_init         in "P3-P5"
  ro section .near_func.textrw_init  in "P3-P5"
  ro section .tiny.data_init         in "P3-P5"
  ro section .tiny.rodata_init       in "P3-P5"
  ro section __DLIB_PERTHREAD_init   in "P3-P5"
  rw section .far.bss                in "P2"
  rw section .far.data               in "P2"
  rw section .far.noinit             in "P2"
  rw section .far_func.textrw        in "P2"
  rw section .huge.bss               in "P2"
  rw section .huge.data              in "P2"
  rw section .huge.noinit            in "P2"
  rw section .huge_func.textrw       in "P2"
  rw section .iar.dynexit            in "P2"
  rw section .near.data              in "P2"
  rw section .near.noinit            in "P2"
  rw section .near_func.textrw       in "P2"
  rw section .tiny.bss               in "P1"
  rw section .tiny.data              in "P1"
  rw section .tiny.noinit            in "P1"
  rw section .tiny.rodata            in "P1"
  rw section __DLIB_PERTHREAD        in "P2"
  section .eeprom.data               in "P6-P8"
  section .eeprom.noinit             in "P6-P8"
  section .eeprom.rodata             in "P6-P8"


  Section          Kind      Address   Size  Object
  -------          ----      -------   ----  ------
"A0":                                  0x10
  .vregs           uninit   0x000000   0x10  vregs.o [4]
                          - 0x000010   0x10

"P2":                                  0x43
  .near.bss        zero     0x000010   0x40  main.o [1]
  .near.bss        zero     0x000050    0x1  base_logic.o [1]
  .near.bss        zero     0x000051    0x1  main.o [1]
  .near.bss        zero     0x000052    0x1  main.o [1]
                          - 0x000053   0x43

"A1":                                 0x100
  CSTACK                    0x000300  0x100  <Block>
    CSTACK         uninit   0x000300  0x100  <Block tail>
                          - 0x000400  0x100

"A2":                                  0x80
  INTVEC                    0x008000   0x80  <Block>
    .intvec        const    0x008000   0x80  interrupt.o [4]
                          - 0x008080   0x80

"P3-P5":                              0x8d5
  .near_func.text  ro code  0x008080  0x226  stm8s_uart1.o [1]
  .near_func.text  ro code  0x0082a6  0x12b  long.o [4]
  .near_func.text  ro code  0x0083d1  0x10e  stm8s_gpio.o [1]
  .near_func.text  ro code  0x0084df   0xcc  stm8s_uart1.o [1]
  .near_func.text  ro code  0x0085ab   0xc4  vreg_util.o [4]
  .near_func.text  ro code  0x00866f   0x7b  stm8s_clk.o [1]
  .near_func.text  ro code  0x0086ea   0x47  uart.o [1]
  .near_func.text  ro code  0x008731   0x47  long_util.o [4]
  .near.rodata     const    0x008778   0x3c  stm8s_uart1.o [1]
  .near.rodata     const    0x0087b4   0x3b  stm8s_gpio.o [1]
  .near_func.text  ro code  0x0087ef   0x2a  uart.o [1]
  .near_func.text  ro code  0x008819   0x28  main.o [1]
  .near_func.text  ro code  0x008841   0x25  dc_util.o [4]
  .iar.init_table  const    0x008866    0x8  - Linker created -
  .near_func.text  ro code  0x00886e   0x1e  init_small.o [4]
  .near_func.text  ro code  0x00888c   0x1a  main.o [1]
  .near_func.text  ro code  0x0088a6   0x14  init.o [4]
  .near_func.text  ro code  0x0088ba   0x14  __dbg_xxexit.o [3]
  .near_func.text  ro code  0x0088ce   0x13  cstartup.o [4]
  .near_func.text  ro code  0x0088e1   0x10  uart.o [1]
  .near_func.text  ro code  0x0088f1    0xe  stm8s_uart1.o [1]
  .near_func.text  ro code  0x0088ff    0xd  short.o [4]
  .near_func.text  ro code  0x00890c    0xc  uart.o [1]
  .near_func.text  ro code  0x008918    0x5  cexit.o [4]
  .near.rodata     const    0x00891d    0x4  stm8s_clk.o [1]
  .near_func.text  ro code  0x008921    0x3  interrupt.o [4]
  .near_func.text  ro code  0x008924    0x3  low_level_init.o [4]
  .near_func.text  ro code  0x008927    0x3  exit.o [4]
  .near_func.text  ro code  0x00892a    0x3  unhandled_exception.o [4]
  .near_func.text  ro code  0x00892d    0x2  stm8s_it.o [1]
  .near_func.text  ro code  0x00892f    0x2  stm8s_it.o [1]
  .near_func.text  ro code  0x008931    0x2  stm8s_it.o [1]
  .near_func.text  ro code  0x008933    0x2  stm8s_it.o [1]
  .near_func.text  ro code  0x008935    0x2  stm8s_it.o [1]
  .near_func.text  ro code  0x008937    0x2  stm8s_it.o [1]
  .near_func.text  ro code  0x008939    0x2  stm8s_it.o [1]
  .near_func.text  ro code  0x00893b    0x2  stm8s_it.o [1]
  .near_func.text  ro code  0x00893d    0x2  stm8s_it.o [1]
  .near_func.text  ro code  0x00893f    0x2  stm8s_it.o [1]
  .near_func.text  ro code  0x008941    0x2  stm8s_it.o [1]
  .near_func.text  ro code  0x008943    0x2  stm8s_it.o [1]
  .near_func.text  ro code  0x008945    0x2  stm8s_it.o [1]
  .near_func.text  ro code  0x008947    0x2  stm8s_it.o [1]
  .near_func.text  ro code  0x008949    0x2  stm8s_it.o [1]
  .near_func.text  ro code  0x00894b    0x2  stm8s_it.o [1]
  .near_func.text  ro code  0x00894d    0x2  stm8s_it.o [1]
  .near_func.text  ro code  0x00894f    0x2  stm8s_it.o [1]
  .near_func.text  ro code  0x008951    0x2  stm8s_it.o [1]
  .near_func.text  ro code  0x008953    0x1  main.o [1]
  .near_func.text  ro code  0x008954    0x1  __dbg_break.o [3]
                          - 0x008955  0x8d5


*******************************************************************************
*** INIT TABLE
***

          Address   Size
          -------   ----
Zero (__iar_zero_init2)
    1 destination range, total size 0x43:
          0x000010  0x43



*******************************************************************************
*** MODULE SUMMARY
***

    Module                 ro code  ro data  rw data
    ------                 -------  -------  -------
C:\dev\MCU\STM8\Serial_bootloader\Debug\Obj: [1]
    base_logic.o                                   1
    main.o                      67                66
    stm8s_clk.o                123        4
    stm8s_gpio.o               270       59
    stm8s_it.o                  38
    stm8s_uart1.o              768       60
    uart.o                     141
    ------------------------------------------------
    Total:                   1 407      123       67

command line: [2]
    ------------------------------------------------
    Total:

dbgstm8smd.a: [3]
    __dbg_break.o                1
    __dbg_xxexit.o              20
    ------------------------------------------------
    Total:                      21

dlstm8smn.a: [4]
    cexit.o                      5
    cstartup.o                  19
    dc_util.o                   37
    exit.o                       3
    init.o                      20
    init_small.o                30
    interrupt.o                  3      128
    long.o                     299
    long_util.o                 71
    low_level_init.o             3
    short.o                     13
    unhandled_exception.o        3
    vreg_util.o                196
    vregs.o                                       16
    ------------------------------------------------
    Total:                     702      128       16

    Linker created                        8      256
----------------------------------------------------
    Grand Total:             2 130      259      339


*******************************************************************************
*** ENTRY LIST
***

Entry                    Address   Size  Type      Object
-----                    -------   ----  ----      ------
.iar.init_table$$Base   0x008866          --   Gb  - Linker created -
.iar.init_table$$Limit  0x00886e          --   Gb  - Linker created -
?b0                     0x000000         Data  Gb  vregs.o [4]
?b1                     0x000001         Data  Gb  vregs.o [4]
?b10                    0x00000a         Data  Gb  vregs.o [4]
?b11                    0x00000b         Data  Gb  vregs.o [4]
?b12                    0x00000c         Data  Gb  vregs.o [4]
?b13                    0x00000d         Data  Gb  vregs.o [4]
?b14                    0x00000e         Data  Gb  vregs.o [4]
?b15                    0x00000f         Data  Gb  vregs.o [4]
?b2                     0x000002         Data  Gb  vregs.o [4]
?b3                     0x000003         Data  Gb  vregs.o [4]
?b4                     0x000004         Data  Gb  vregs.o [4]
?b5                     0x000005         Data  Gb  vregs.o [4]
?b6                     0x000006         Data  Gb  vregs.o [4]
?b7                     0x000007         Data  Gb  vregs.o [4]
?b8                     0x000008         Data  Gb  vregs.o [4]
?b9                     0x000009         Data  Gb  vregs.o [4]
?dc32_l0                0x008841         Code  Gb  dc_util.o [4]
?dc32_l1                0x00884e         Code  Gb  dc_util.o [4]
?dc32_px                0x00885b         Code  Gb  dc_util.o [4]
?e0                     0x000001         Data  Gb  vregs.o [4]
?e1                     0x000005         Data  Gb  vregs.o [4]
?e2                     0x000009         Data  Gb  vregs.o [4]
?e3                     0x00000d         Data  Gb  vregs.o [4]
?epilogue_l2            0x00862a         Code  Gb  vreg_util.o [4]
?epilogue_l2_l3         0x008627         Code  Gb  vreg_util.o [4]
?l0                     0x000000         Data  Gb  vregs.o [4]
?l1                     0x000004         Data  Gb  vregs.o [4]
?l2                     0x000008         Data  Gb  vregs.o [4]
?l3                     0x00000c         Data  Gb  vregs.o [4]
?load32_0x_l0           0x00876a         Code  Gb  long_util.o [4]
?load32_asp_l0          0x00875e         Code  Gb  long_util.o [4]
?load32_dbsp_l0         0x008759         Code  Gb  long_util.o [4]
?load32_l0_0x           0x008741         Code  Gb  long_util.o [4]
?load32_l0_asp          0x008736         Code  Gb  long_util.o [4]
?load32_l0_dbsp         0x008731         Code  Gb  long_util.o [4]
?load32_l0_xsp          0x008738         Code  Gb  long_util.o [4]
?load32_l1_0x           0x00874d         Code  Gb  long_util.o [4]
?load32_xsp_l0          0x008760         Code  Gb  long_util.o [4]
?mov_e0_e2              0x008631         Code  Gb  vreg_util.o [4]
?mov_e0_e3              0x00863e         Code  Gb  vreg_util.o [4]
?mov_e1_e0              0x00864b         Code  Gb  vreg_util.o [4]
?mov_e2_e0              0x008658         Code  Gb  vreg_util.o [4]
?mov_e3_e0              0x008665         Code  Gb  vreg_util.o [4]
?mov_l0_l2              0x00862e         Code  Gb  vreg_util.o [4]
?mov_l0_l3              0x00863b         Code  Gb  vreg_util.o [4]
?mov_l1_l0              0x008648         Code  Gb  vreg_util.o [4]
?mov_l2_l0              0x008655         Code  Gb  vreg_util.o [4]
?mov_l3_l0              0x008662         Code  Gb  vreg_util.o [4]
?mov_w1_w5              0x008634         Code  Gb  vreg_util.o [4]
?mov_w1_w7              0x008641         Code  Gb  vreg_util.o [4]
?mov_w3_w1              0x00864e         Code  Gb  vreg_util.o [4]
?mov_w5_w1              0x00865b         Code  Gb  vreg_util.o [4]
?mov_w7_w1              0x008668         Code  Gb  vreg_util.o [4]
?mul32_l0_l0_0x         0x0082c4         Code  Gb  long.o [4]
?mul32_l0_l0_dl         0x0082c1         Code  Gb  long.o [4]
?mul32_l0_l0_l1         0x0082cd         Code  Gb  long.o [4]
?pop_l1                 0x0085fe         Code  Gb  vreg_util.o [4]
?pop_l2                 0x008609         Code  Gb  vreg_util.o [4]
?pop_l3                 0x008614         Code  Gb  vreg_util.o [4]
?pop_w4                 0x0085c3         Code  Gb  vreg_util.o [4]
?push_l0                0x0085d2         Code  Gb  vreg_util.o [4]
?push_l2                0x0085d7         Code  Gb  vreg_util.o [4]
?push_l3                0x0085dc         Code  Gb  vreg_util.o [4]
?push_w4                0x0085ab         Code  Gb  vreg_util.o [4]
?sll16_x_x_a            0x0088ff         Code  Gb  short.o [4]
?sll32_0x_0x_a          0x0083c3         Code  Gb  long.o [4]
?sll32_l0_l0_a          0x0083c0         Code  Gb  long.o [4]
?srl16_x_x_4            0x008907         Code  Gb  short.o [4]
?sub32_l0_l0_0x         0x0082a9         Code  Gb  long.o [4]
?sub32_l0_l0_l1         0x0082a6         Code  Gb  long.o [4]
?udiv32_l0_dl_l1        0x00834b         Code  Gb  long.o [4]
?udiv32_l0_l0_dl        0x008350         Code  Gb  long.o [4]
?udiv32_l0_l0_l1        0x008353         Code  Gb  long.o [4]
?umod32_l1_l0_l1        0x008353         Code  Gb  long.o [4]
?w0                     0x000000         Data  Gb  vregs.o [4]
?w1                     0x000002         Data  Gb  vregs.o [4]
?w2                     0x000004         Data  Gb  vregs.o [4]
?w3                     0x000006         Data  Gb  vregs.o [4]
?w4                     0x000008         Data  Gb  vregs.o [4]
?w5                     0x00000a         Data  Gb  vregs.o [4]
?w6                     0x00000c         Data  Gb  vregs.o [4]
?w7                     0x00000e         Data  Gb  vregs.o [4]
ADC1_IRQHandler         0x00894d    0x2  Code  Gb  stm8s_it.o [1]
AWU_IRQHandler          0x008931    0x2  Code  Gb  stm8s_it.o [1]
CLK_GetClockFreq        0x00866f   0x7b  Code  Gb  stm8s_clk.o [1]
CLK_IRQHandler          0x008933    0x2  Code  Gb  stm8s_it.o [1]
CSTACK$$Base            0x000300          --   Gb  - Linker created -
CSTACK$$Limit           0x000400          --   Gb  - Linker created -
EEPROM_EEC_IRQHandler   0x008951    0x2  Code  Gb  stm8s_it.o [1]
EXTI_PORTA_IRQHandler   0x008935    0x2  Code  Gb  stm8s_it.o [1]
EXTI_PORTB_IRQHandler   0x008937    0x2  Code  Gb  stm8s_it.o [1]
EXTI_PORTC_IRQHandler   0x008939    0x2  Code  Gb  stm8s_it.o [1]
EXTI_PORTD_IRQHandler   0x00893b    0x2  Code  Gb  stm8s_it.o [1]
EXTI_PORTE_IRQHandler   0x00893d    0x2  Code  Gb  stm8s_it.o [1]
GPIO_Init               0x0083d1  0x10e  Code  Gb  stm8s_gpio.o [1]
HSIDivFactor            0x00891d    0x4  Data  Gb  stm8s_clk.o [1]
I2C_IRQHandler          0x00894b    0x2  Code  Gb  stm8s_it.o [1]
INTVEC$$Base            0x008000          --   Gb  - Linker created -
INTVEC$$Limit           0x008080          --   Gb  - Linker created -
RXBuff                  0x000010   0x40  Data  Gb  main.o [1]
Region$$Table$$Base     0x008866          --   Gb  - Linker created -
Region$$Table$$Limit    0x00886e          --   Gb  - Linker created -
SPI_IRQHandler          0x00893f    0x2  Code  Gb  stm8s_it.o [1]
SystemInit              0x00888c   0x1a  Code  Gb  main.o [1]
TIM1_CAP_COM_IRQHandler
                        0x008943    0x2  Code  Gb  stm8s_it.o [1]
TIM1_UPD_OVF_TRG_BRK_IRQHandler
                        0x008941    0x2  Code  Gb  stm8s_it.o [1]
TIM2_CAP_COM_IRQHandler
                        0x008947    0x2  Code  Gb  stm8s_it.o [1]
TIM2_UPD_OVF_BRK_IRQHandler
                        0x008945    0x2  Code  Gb  stm8s_it.o [1]
TIM4_UPD_OVF_IRQHandler
                        0x00894f    0x2  Code  Gb  stm8s_it.o [1]
TLI_IRQHandler          0x00892f    0x2  Code  Gb  stm8s_it.o [1]
TRAP_IRQHandler         0x00892d    0x2  Code  Gb  stm8s_it.o [1]
UART1_Cmd               0x0088f1    0xe  Code  Gb  stm8s_uart1.o [1]
UART1_ITConfig          0x0084df   0xcc  Code  Gb  stm8s_uart1.o [1]
UART1_Init              0x008080  0x226  Code  Gb  stm8s_uart1.o [1]
UART1_RX_IRQHandler     0x0088e1   0x10  Code  Gb  uart.o [1]
UART1_TX_IRQHandler     0x008949    0x2  Code  Gb  stm8s_it.o [1]
__DebugBreak            0x008954    0x1  Code  Gb  __dbg_break.o [3]
__exit                  0x0088ba   0x14  Code  Gb  __dbg_xxexit.o [3]
__iar_data_init2        0x0088a6   0x14  Code  Gb  init.o [4]
__iar_program_start     0x0088ce         Code  Gb  cstartup.o [4]
__iar_unhandled_exception
                        0x00892a         Code  Gb  unhandled_exception.o [4]
__iar_zero_init2        0x00886e         Code  Gb  init_small.o [4]
__intvec                0x008000         Data  Gb  interrupt.o [4]
__low_level_init        0x008924    0x3  Code  Gb  low_level_init.o [4]
_exit                   0x008918         Code  Gb  cexit.o [4]
_interrupt_1            0x00892d         Code  Gb  stm8s_it.o [1]
_interrupt_12           0x00893f         Code  Gb  stm8s_it.o [1]
_interrupt_13           0x008941         Code  Gb  stm8s_it.o [1]
_interrupt_14           0x008943         Code  Gb  stm8s_it.o [1]
_interrupt_15           0x008945         Code  Gb  stm8s_it.o [1]
_interrupt_16           0x008947         Code  Gb  stm8s_it.o [1]
_interrupt_19           0x008949         Code  Gb  stm8s_it.o [1]
_interrupt_2            0x00892f         Code  Gb  stm8s_it.o [1]
_interrupt_20           0x0088e1         Code  Gb  uart.o [1]
_interrupt_21           0x00894b         Code  Gb  stm8s_it.o [1]
_interrupt_24           0x00894d         Code  Gb  stm8s_it.o [1]
_interrupt_25           0x00894f         Code  Gb  stm8s_it.o [1]
_interrupt_26           0x008951         Code  Gb  stm8s_it.o [1]
_interrupt_3            0x008931         Code  Gb  stm8s_it.o [1]
_interrupt_4            0x008933         Code  Gb  stm8s_it.o [1]
_interrupt_5            0x008935         Code  Gb  stm8s_it.o [1]
_interrupt_6            0x008937         Code  Gb  stm8s_it.o [1]
_interrupt_7            0x008939         Code  Gb  stm8s_it.o [1]
_interrupt_8            0x00893b         Code  Gb  stm8s_it.o [1]
_interrupt_9            0x00893d         Code  Gb  stm8s_it.o [1]
assert_failed           0x008953    0x1  Code  Gb  main.o [1]
eBuffState              0x000050    0x1  Data  Gb  base_logic.o [1]
exit                    0x008927    0x3  Code  Gb  exit.o [4]
main                    0x008819   0x28  Code  Gb  main.o [1]
u8CountEnd              0x000052    0x1  Data  Gb  main.o [1]
u8CountRecieve          0x000051    0x1  Data  Gb  main.o [1]
vUART_Config            0x0087ef   0x2a  Code  Gb  uart.o [1]
vUART_Recieve           0x0086ea   0x47  Code  Gb  uart.o [1]
vUART_Transmit          0x00890c    0xc  Code  Gb  uart.o [1]


[1] = C:\dev\MCU\STM8\Serial_bootloader\Debug\Obj
[2] = command line
[3] = dbgstm8smd.a
[4] = dlstm8smn.a

  2 130 bytes of readonly  code memory
    259 bytes of readonly  data memory
    339 bytes of readwrite data memory

Errors: none
Warnings: none
