###############################################################################
#
# IAR ELF Linker V3.11.1.207 for STM8                     18/Aug/2021  13:48:34
# Copyright 2010-2019 IAR Systems AB.
#
#    Output file  =  
#        C:\dev\MCU\STM8\Serial_bootloader\Debug\Exe\SPL_STM8S_template.out
#    Map file     =  
#        C:\dev\MCU\STM8\Serial_bootloader\Debug\List\SPL_STM8S_template.map
#    Command line =  
#        -f C:\Users\ferna\AppData\Local\Temp\EWDB0F.tmp
#        (C:\dev\MCU\STM8\Serial_bootloader\Debug\Obj\base_logic.o
#        C:\dev\MCU\STM8\Serial_bootloader\Debug\Obj\flash.o
#        C:\dev\MCU\STM8\Serial_bootloader\Debug\Obj\main.o
#        C:\dev\MCU\STM8\Serial_bootloader\Debug\Obj\stm8s_clk.o
#        C:\dev\MCU\STM8\Serial_bootloader\Debug\Obj\stm8s_flash.o
#        C:\dev\MCU\STM8\Serial_bootloader\Debug\Obj\stm8s_gpio.o
#        C:\dev\MCU\STM8\Serial_bootloader\Debug\Obj\stm8s_it.o
#        C:\dev\MCU\STM8\Serial_bootloader\Debug\Obj\stm8s_rst.o
#        C:\dev\MCU\STM8\Serial_bootloader\Debug\Obj\stm8s_tim1.o
#        C:\dev\MCU\STM8\Serial_bootloader\Debug\Obj\stm8s_tim2.o
#        C:\dev\MCU\STM8\Serial_bootloader\Debug\Obj\stm8s_tim4.o
#        C:\dev\MCU\STM8\Serial_bootloader\Debug\Obj\stm8s_uart1.o
#        C:\dev\MCU\STM8\Serial_bootloader\Debug\Obj\uart.o --redirect
#        _Printf=_PrintfSmall --redirect _Scanf=_ScanfSmall --no_out_extension
#        -o C:\dev\MCU\STM8\Serial_bootloader\Debug\Exe\SPL_STM8S_template.out
#        --map
#        C:\dev\MCU\STM8\Serial_bootloader\Debug\List\SPL_STM8S_template.map
#        --log
#        libraries,initialization,modules,redirects,sections,unused_fragments
#        --log_file
#        C:\dev\MCU\STM8\Serial_bootloader\Debug\List\SPL_STM8S_template.log
#        --config "C:\Program Files (x86)\IAR Systems\Embedded Workbench
#        8.3\stm8\config\lnkstm8s103f3.icf" --config_def _CSTACK_SIZE=0x100
#        --config_def _HEAP_SIZE=0x100 --entry __iar_program_start --debug_lib)
#
###############################################################################

*******************************************************************************
*** RUNTIME MODEL ATTRIBUTES
***

__SystemLibrary            = DLib
__code_model               = small
__core                     = stm8
__data_model               = medium
__dlib_file_descriptor     = 0
__dlib_full_locale_support = 0
__rt_version               = 4


*******************************************************************************
*** PLACEMENT SUMMARY
***

"A0":  place at start of [0x000000-0x0000ff] { rw section .vregs };
"A1":  place at end of [0x000000-0x0003ff] { block CSTACK };
"P2":  place in [from 0x000000 to 0x0003ff] {
          block HEAP, rw section __DLIB_PERTHREAD, rw section .far.bss,
          rw section .far.data, rw section .far.noinit,
          rw section .far_func.textrw, rw section .huge.bss,
          rw section .huge.data, rw section .huge.noinit,
          rw section .huge_func.textrw, rw section .iar.dynexit,
          rw section .near.bss, rw section .near.data, rw section .near.noinit,
          rw section .near_func.textrw };
"A2":  place at start of [0x008000-0x009fff] { block INTVEC };
"P3":  place in [from 0x008000 to 0x009fff] {
          ro section __DLIB_PERTHREAD_init, ro section .far.data_init,
          ro section .far_func.textrw_init, ro section .huge.data_init,
          ro section .huge_func.textrw_init, ro section .iar.init_table,
          ro section .init_array, ro section .near.data_init,
          ro section .near.rodata, ro section .near_func.text,
          ro section .near_func.textrw_init, ro section .tiny.data_init,
          ro section .tiny.rodata_init };
"P4":  place in [from 0x008000 to 0x009fff] {
          ro section .far.rodata, ro section .far_func.text };
"P5":  place in [from 0x008000 to 0x009fff] {
          ro section .huge.rodata, ro section .huge_func.text };
do not initialize {
   rw section .eeprom.noinit, rw section .far.noinit, rw section .huge.noinit,
   rw section .near.noinit, rw section .tiny.noinit, rw section .vregs };
initialize by copy {
   rw section .far.bss, rw section .far.data, rw section .far_func.textrw,
   rw section .huge.bss, rw section .huge.data, rw section .huge_func.textrw,
   rw section .iar.dynexit, rw section .near.bss, rw section .near.data,
   rw section .near_func.textrw, rw section .tiny.bss, rw section .tiny.data,
   ro section .tiny.rodata };

No sections matched the following patterns:

  ro section .far.data_init          in "P3-P5"
  ro section .far.rodata             in "P3-P5"
  ro section .far_func.text          in "P3-P5"
  ro section .far_func.textrw_init   in "P3-P5"
  ro section .huge.data_init         in "P3-P5"
  ro section .huge.rodata            in "P3-P5"
  ro section .huge_func.text         in "P3-P5"
  ro section .huge_func.textrw_init  in "P3-P5"
  ro section .iar.init_table         in "P3-P5"
  ro section .init_array             in "P3-P5"
  ro section .tiny.data_init         in "P3-P5"
  ro section .tiny.rodata_init       in "P3-P5"
  ro section __DLIB_PERTHREAD_init   in "P3-P5"
  rw section .far.bss                in "P2"
  rw section .far.data               in "P2"
  rw section .far.noinit             in "P2"
  rw section .far_func.textrw        in "P2"
  rw section .huge.bss               in "P2"
  rw section .huge.data              in "P2"
  rw section .huge.noinit            in "P2"
  rw section .huge_func.textrw       in "P2"
  rw section .iar.dynexit            in "P2"
  rw section .near.noinit            in "P2"
  rw section .tiny.bss               in "P1"
  rw section .tiny.data              in "P1"
  rw section .tiny.noinit            in "P1"
  rw section .tiny.rodata            in "P1"
  rw section __DLIB_PERTHREAD        in "P2"
  section .eeprom.data               in "P6-P8"
  section .eeprom.noinit             in "P6-P8"
  section .eeprom.rodata             in "P6-P8"


  Section              Kind      Address   Size  Object
  -------              ----      -------   ----  ------
"A0":                                      0x10
  .vregs               uninit   0x000000   0x10  vregs.o [4]
                              - 0x000010   0x10

"P2", part 1 of 2:                        0x12e
  P2-1                          0x000010  0x12e  <Init block>
    .near.data         inited   0x000010    0x4  main.o [1]
    .near_func.textrw  inited   0x000014  0x12a  stm8s_flash.o [1]
                              - 0x00013e  0x12e

"P2", part 2 of 2:                         0x45
  .near.bss            zero     0x00013e   0x40  main.o [1]
  .near.bss            zero     0x00017e    0x1  base_logic.o [1]
  .near.bss            zero     0x00017f    0x1  main.o [1]
  .near.bss            zero     0x000180    0x1  uart.o [1]
  .near.bss            zero     0x000181    0x1  uart.o [1]
  .near.bss            zero     0x000182    0x1  uart.o [1]
                              - 0x000183   0x45

"A1":                                     0x100
  CSTACK                        0x000300  0x100  <Block>
    CSTACK             uninit   0x000300  0x100  <Block tail>
                              - 0x000400  0x100

"A2":                                      0x80
  INTVEC                        0x008000   0x80  <Block>
    .intvec            const    0x008000   0x80  interrupt.o [4]
                              - 0x008080   0x80

"P3-P5":                                  0xb4b
  .near_func.text      ro code  0x008080  0x226  stm8s_uart1.o [1]
  .near_func.text      ro code  0x0082a6  0x15c  long.o [4]
  Initializer bytes    const    0x008402  0x12e  <for P2-1>
  .near_func.text      ro code  0x008530  0x10e  stm8s_gpio.o [1]
  .near_func.text      ro code  0x00863e   0xcc  stm8s_uart1.o [1]
  .near_func.text      ro code  0x00870a   0xc4  vreg_util.o [4]
  .near_func.text      ro code  0x0087ce   0x7d  main.o [1]
  .near_func.text      ro code  0x00884b   0x7b  stm8s_clk.o [1]
  .near_func.text      ro code  0x0088c6   0x47  long_util.o [4]
  .near.rodata         const    0x00890d   0x3c  stm8s_flash.o [1]
  .near.rodata         const    0x008949   0x3c  stm8s_uart1.o [1]
  .near.rodata         const    0x008985   0x3b  stm8s_gpio.o [1]
  .near_func.text      ro code  0x0089c0   0x3b  stm8s_flash.o [1]
  .near_func.text      ro code  0x0089fb   0x2b  stm8s_flash.o [1]
  .near_func.text      ro code  0x008a26   0x2a  uart.o [1]
  .near_func.text      ro code  0x008a50   0x29  uart.o [1]
  .near_func.text      ro code  0x008a79   0x28  init_small.o [4]
  .near_func.text      ro code  0x008aa1   0x25  dc_util.o [4]
  .near_func.text      ro code  0x008ac6   0x22  main.o [1]
  .iar.init_table      const    0x008ae8   0x12  - Linker created -
  .near_func.text      ro code  0x008afa   0x1e  init_small.o [4]
  .near_func.text      ro code  0x008b18   0x14  uart.o [1]
  .near_func.text      ro code  0x008b2c   0x14  init.o [4]
  .near_func.text      ro code  0x008b40   0x14  __dbg_xxexit.o [3]
  .near_func.text      ro code  0x008b54   0x13  cstartup.o [4]
  .near_func.text      ro code  0x008b67    0xe  stm8s_uart1.o [1]
  .near_func.text      ro code  0x008b75    0xd  short.o [4]
  .near_func.text      ro code  0x008b82    0xc  uart.o [1]
  .near_func.text      ro code  0x008b8e    0x5  cexit.o [4]
  .near.rodata         const    0x008b93    0x4  stm8s_clk.o [1]
  .near_func.text      ro code  0x008b97    0x3  interrupt.o [4]
  .near_func.text      ro code  0x008b9a    0x3  low_level_init.o [4]
  .near_func.text      ro code  0x008b9d    0x3  exit.o [4]
  .near_func.text      ro code  0x008ba0    0x3  unhandled_exception.o [4]
  .near_func.text      ro code  0x008ba3    0x2  stm8s_it.o [1]
  .near_func.text      ro code  0x008ba5    0x2  stm8s_it.o [1]
  .near_func.text      ro code  0x008ba7    0x2  stm8s_it.o [1]
  .near_func.text      ro code  0x008ba9    0x2  stm8s_it.o [1]
  .near_func.text      ro code  0x008bab    0x2  stm8s_it.o [1]
  .near_func.text      ro code  0x008bad    0x2  stm8s_it.o [1]
  .near_func.text      ro code  0x008baf    0x2  stm8s_it.o [1]
  .near_func.text      ro code  0x008bb1    0x2  stm8s_it.o [1]
  .near_func.text      ro code  0x008bb3    0x2  stm8s_it.o [1]
  .near_func.text      ro code  0x008bb5    0x2  stm8s_it.o [1]
  .near_func.text      ro code  0x008bb7    0x2  stm8s_it.o [1]
  .near_func.text      ro code  0x008bb9    0x2  stm8s_it.o [1]
  .near_func.text      ro code  0x008bbb    0x2  stm8s_it.o [1]
  .near_func.text      ro code  0x008bbd    0x2  stm8s_it.o [1]
  .near_func.text      ro code  0x008bbf    0x2  stm8s_it.o [1]
  .near_func.text      ro code  0x008bc1    0x2  stm8s_it.o [1]
  .near_func.text      ro code  0x008bc3    0x2  stm8s_it.o [1]
  .near_func.text      ro code  0x008bc5    0x2  stm8s_it.o [1]
  .near_func.text      ro code  0x008bc7    0x2  stm8s_it.o [1]
  .near_func.text      ro code  0x008bc9    0x1  main.o [1]
  .near_func.text      ro code  0x008bca    0x1  __dbg_break.o [3]
                              - 0x008bcb  0xb4b


*******************************************************************************
*** INIT TABLE
***

          Address   Size
          -------   ----
Zero (__iar_zero_init2)
    1 destination range, total size 0x45:
          0x00013e   0x45

Copy (__iar_copy_init2)
    1 source range, total size 0x12e:
          0x008402  0x12e
    1 destination range, total size 0x12e:
          0x000010  0x12e



*******************************************************************************
*** MODULE SUMMARY
***

    Module                 ro code  rw code  ro data  rw data
    ------                 -------  -------  -------  -------
C:\dev\MCU\STM8\Serial_bootloader\Debug\Obj: [1]
    base_logic.o                                            1
    main.o                     160                 4       69
    stm8s_clk.o                123                 4
    stm8s_flash.o              102      298      358
    stm8s_gpio.o               270                59
    stm8s_it.o                  38
    stm8s_uart1.o              768                60
    uart.o                     115                          3
    ---------------------------------------------------------
    Total:                   1 576      298      485       73

command line: [2]
    ---------------------------------------------------------
    Total:

dbgstm8smd.a: [3]
    __dbg_break.o                1
    __dbg_xxexit.o              20
    ---------------------------------------------------------
    Total:                      21

dlstm8smn.a: [4]
    cexit.o                      5
    cstartup.o                  19
    dc_util.o                   37
    exit.o                       3
    init.o                      20
    init_small.o                70
    interrupt.o                  3               128
    long.o                     348
    long_util.o                 71
    low_level_init.o             3
    short.o                     13
    unhandled_exception.o        3
    vreg_util.o                196
    vregs.o                                                16
    ---------------------------------------------------------
    Total:                     791               128       16

    Linker created                                18      256
-------------------------------------------------------------
    Grand Total:             2 388      298      631      345


*******************************************************************************
*** ENTRY LIST
***

Entry                    Address   Size  Type      Object
-----                    -------   ----  ----      ------
.iar.init_table$$Base   0x008ae8          --   Gb  - Linker created -
.iar.init_table$$Limit  0x008afa          --   Gb  - Linker created -
?add32_l0_l0_0x         0x0082ae         Code  Gb  long.o [4]
?add32_l0_l0_dl         0x0082a6         Code  Gb  long.o [4]
?add32_l0_l0_l1         0x0082ab         Code  Gb  long.o [4]
?b0                     0x000000         Data  Gb  vregs.o [4]
?b1                     0x000001         Data  Gb  vregs.o [4]
?b10                    0x00000a         Data  Gb  vregs.o [4]
?b11                    0x00000b         Data  Gb  vregs.o [4]
?b12                    0x00000c         Data  Gb  vregs.o [4]
?b13                    0x00000d         Data  Gb  vregs.o [4]
?b14                    0x00000e         Data  Gb  vregs.o [4]
?b15                    0x00000f         Data  Gb  vregs.o [4]
?b2                     0x000002         Data  Gb  vregs.o [4]
?b3                     0x000003         Data  Gb  vregs.o [4]
?b4                     0x000004         Data  Gb  vregs.o [4]
?b5                     0x000005         Data  Gb  vregs.o [4]
?b6                     0x000006         Data  Gb  vregs.o [4]
?b7                     0x000007         Data  Gb  vregs.o [4]
?b8                     0x000008         Data  Gb  vregs.o [4]
?b9                     0x000009         Data  Gb  vregs.o [4]
?dc32_l0                0x008aa1         Code  Gb  dc_util.o [4]
?dc32_l1                0x008aae         Code  Gb  dc_util.o [4]
?dc32_px                0x008abb         Code  Gb  dc_util.o [4]
?e0                     0x000001         Data  Gb  vregs.o [4]
?e1                     0x000005         Data  Gb  vregs.o [4]
?e2                     0x000009         Data  Gb  vregs.o [4]
?e3                     0x00000d         Data  Gb  vregs.o [4]
?epilogue_l2            0x008789         Code  Gb  vreg_util.o [4]
?epilogue_l2_l3         0x008786         Code  Gb  vreg_util.o [4]
?l0                     0x000000         Data  Gb  vregs.o [4]
?l1                     0x000004         Data  Gb  vregs.o [4]
?l2                     0x000008         Data  Gb  vregs.o [4]
?l3                     0x00000c         Data  Gb  vregs.o [4]
?load32_0x_l0           0x0088ff         Code  Gb  long_util.o [4]
?load32_asp_l0          0x0088f3         Code  Gb  long_util.o [4]
?load32_dbsp_l0         0x0088ee         Code  Gb  long_util.o [4]
?load32_l0_0x           0x0088d6         Code  Gb  long_util.o [4]
?load32_l0_asp          0x0088cb         Code  Gb  long_util.o [4]
?load32_l0_dbsp         0x0088c6         Code  Gb  long_util.o [4]
?load32_l0_xsp          0x0088cd         Code  Gb  long_util.o [4]
?load32_l1_0x           0x0088e2         Code  Gb  long_util.o [4]
?load32_xsp_l0          0x0088f5         Code  Gb  long_util.o [4]
?mov_e0_e2              0x008790         Code  Gb  vreg_util.o [4]
?mov_e0_e3              0x00879d         Code  Gb  vreg_util.o [4]
?mov_e1_e0              0x0087aa         Code  Gb  vreg_util.o [4]
?mov_e2_e0              0x0087b7         Code  Gb  vreg_util.o [4]
?mov_e3_e0              0x0087c4         Code  Gb  vreg_util.o [4]
?mov_l0_l2              0x00878d         Code  Gb  vreg_util.o [4]
?mov_l0_l3              0x00879a         Code  Gb  vreg_util.o [4]
?mov_l1_l0              0x0087a7         Code  Gb  vreg_util.o [4]
?mov_l2_l0              0x0087b4         Code  Gb  vreg_util.o [4]
?mov_l3_l0              0x0087c1         Code  Gb  vreg_util.o [4]
?mov_w1_w5              0x008793         Code  Gb  vreg_util.o [4]
?mov_w1_w7              0x0087a0         Code  Gb  vreg_util.o [4]
?mov_w3_w1              0x0087ad         Code  Gb  vreg_util.o [4]
?mov_w5_w1              0x0087ba         Code  Gb  vreg_util.o [4]
?mov_w7_w1              0x0087c7         Code  Gb  vreg_util.o [4]
?mul32_l0_l0_0x         0x0082e4         Code  Gb  long.o [4]
?mul32_l0_l0_dl         0x0082e1         Code  Gb  long.o [4]
?mul32_l0_l0_l1         0x0082ed         Code  Gb  long.o [4]
?pop_l1                 0x00875d         Code  Gb  vreg_util.o [4]
?pop_l2                 0x008768         Code  Gb  vreg_util.o [4]
?pop_l3                 0x008773         Code  Gb  vreg_util.o [4]
?pop_w4                 0x008722         Code  Gb  vreg_util.o [4]
?push_l0                0x008731         Code  Gb  vreg_util.o [4]
?push_l2                0x008736         Code  Gb  vreg_util.o [4]
?push_l3                0x00873b         Code  Gb  vreg_util.o [4]
?push_w4                0x00870a         Code  Gb  vreg_util.o [4]
?sll16_x_x_a            0x008b75         Code  Gb  short.o [4]
?sll32_0x_0x_a          0x0083e3         Code  Gb  long.o [4]
?sll32_l0_l0_a          0x0083e0         Code  Gb  long.o [4]
?srl16_x_x_4            0x008b7d         Code  Gb  short.o [4]
?srl32_0x_0x_a          0x0083f4         Code  Gb  long.o [4]
?srl32_l0_l0_a          0x0083f1         Code  Gb  long.o [4]
?sub32_l0_l0_0x         0x0082c9         Code  Gb  long.o [4]
?sub32_l0_l0_l1         0x0082c6         Code  Gb  long.o [4]
?udiv32_l0_dl_l1        0x00836b         Code  Gb  long.o [4]
?udiv32_l0_l0_dl        0x008370         Code  Gb  long.o [4]
?udiv32_l0_l0_l1        0x008373         Code  Gb  long.o [4]
?umod32_l1_l0_l1        0x008373         Code  Gb  long.o [4]
?w0                     0x000000         Data  Gb  vregs.o [4]
?w1                     0x000002         Data  Gb  vregs.o [4]
?w2                     0x000004         Data  Gb  vregs.o [4]
?w3                     0x000006         Data  Gb  vregs.o [4]
?w4                     0x000008         Data  Gb  vregs.o [4]
?w5                     0x00000a         Data  Gb  vregs.o [4]
?w6                     0x00000c         Data  Gb  vregs.o [4]
?w7                     0x00000e         Data  Gb  vregs.o [4]
ADC1_IRQHandler         0x008bc3    0x2  Code  Gb  stm8s_it.o [1]
AWU_IRQHandler          0x008ba7    0x2  Code  Gb  stm8s_it.o [1]
CLK_GetClockFreq        0x00884b   0x7b  Code  Gb  stm8s_clk.o [1]
CLK_IRQHandler          0x008ba9    0x2  Code  Gb  stm8s_it.o [1]
CSTACK$$Base            0x000300          --   Gb  - Linker created -
CSTACK$$Limit           0x000400          --   Gb  - Linker created -
EEPROM_EEC_IRQHandler   0x008bc7    0x2  Code  Gb  stm8s_it.o [1]
EXTI_PORTA_IRQHandler   0x008bab    0x2  Code  Gb  stm8s_it.o [1]
EXTI_PORTB_IRQHandler   0x008bad    0x2  Code  Gb  stm8s_it.o [1]
EXTI_PORTC_IRQHandler   0x008baf    0x2  Code  Gb  stm8s_it.o [1]
EXTI_PORTD_IRQHandler   0x008bb1    0x2  Code  Gb  stm8s_it.o [1]
EXTI_PORTE_IRQHandler   0x008bb3    0x2  Code  Gb  stm8s_it.o [1]
FLASH_Lock              0x0089fb   0x2b  Code  Gb  stm8s_flash.o [1]
FLASH_ProgramBlock      0x000014  0x12a  Code  Gb  stm8s_flash.o [1]
FLASH_Unlock            0x0089c0   0x3b  Code  Gb  stm8s_flash.o [1]
GPIO_Init               0x008530  0x10e  Code  Gb  stm8s_gpio.o [1]
HSIDivFactor            0x008b93    0x4  Data  Gb  stm8s_clk.o [1]
I2C_IRQHandler          0x008bc1    0x2  Code  Gb  stm8s_it.o [1]
INTVEC$$Base            0x008000          --   Gb  - Linker created -
INTVEC$$Limit           0x008080          --   Gb  - Linker created -
RXBuff                  0x00013e   0x40  Data  Gb  main.o [1]
Region$$Table$$Base     0x008ae8          --   Gb  - Linker created -
Region$$Table$$Limit    0x008afa          --   Gb  - Linker created -
SPI_IRQHandler          0x008bb5    0x2  Code  Gb  stm8s_it.o [1]
SystemInit              0x008ac6   0x22  Code  Gb  main.o [1]
TIM1_CAP_COM_IRQHandler
                        0x008bb9    0x2  Code  Gb  stm8s_it.o [1]
TIM1_UPD_OVF_TRG_BRK_IRQHandler
                        0x008bb7    0x2  Code  Gb  stm8s_it.o [1]
TIM2_CAP_COM_IRQHandler
                        0x008bbd    0x2  Code  Gb  stm8s_it.o [1]
TIM2_UPD_OVF_BRK_IRQHandler
                        0x008bbb    0x2  Code  Gb  stm8s_it.o [1]
TIM4_UPD_OVF_IRQHandler
                        0x008bc5    0x2  Code  Gb  stm8s_it.o [1]
TLI_IRQHandler          0x008ba5    0x2  Code  Gb  stm8s_it.o [1]
TRAP_IRQHandler         0x008ba3    0x2  Code  Gb  stm8s_it.o [1]
UART1_Cmd               0x008b67    0xe  Code  Gb  stm8s_uart1.o [1]
UART1_ITConfig          0x00863e   0xcc  Code  Gb  stm8s_uart1.o [1]
UART1_Init              0x008080  0x226  Code  Gb  stm8s_uart1.o [1]
UART1_RX_IRQHandler     0x008b18   0x14  Code  Gb  uart.o [1]
UART1_TX_IRQHandler     0x008bbf    0x2  Code  Gb  stm8s_it.o [1]
__DebugBreak            0x008bca    0x1  Code  Gb  __dbg_break.o [3]
__exit                  0x008b40   0x14  Code  Gb  __dbg_xxexit.o [3]
__iar_copy_init2        0x008a79         Code  Gb  init_small.o [4]
__iar_data_init2        0x008b2c   0x14  Code  Gb  init.o [4]
__iar_program_start     0x008b54         Code  Gb  cstartup.o [4]
__iar_unhandled_exception
                        0x008ba0         Code  Gb  unhandled_exception.o [4]
__iar_zero_init2        0x008afa         Code  Gb  init_small.o [4]
__intvec                0x008000         Data  Gb  interrupt.o [4]
__low_level_init        0x008b9a    0x3  Code  Gb  low_level_init.o [4]
_exit                   0x008b8e         Code  Gb  cexit.o [4]
_interrupt_1            0x008ba3         Code  Gb  stm8s_it.o [1]
_interrupt_12           0x008bb5         Code  Gb  stm8s_it.o [1]
_interrupt_13           0x008bb7         Code  Gb  stm8s_it.o [1]
_interrupt_14           0x008bb9         Code  Gb  stm8s_it.o [1]
_interrupt_15           0x008bbb         Code  Gb  stm8s_it.o [1]
_interrupt_16           0x008bbd         Code  Gb  stm8s_it.o [1]
_interrupt_19           0x008bbf         Code  Gb  stm8s_it.o [1]
_interrupt_2            0x008ba5         Code  Gb  stm8s_it.o [1]
_interrupt_20           0x008b18         Code  Gb  uart.o [1]
_interrupt_21           0x008bc1         Code  Gb  stm8s_it.o [1]
_interrupt_24           0x008bc3         Code  Gb  stm8s_it.o [1]
_interrupt_25           0x008bc5         Code  Gb  stm8s_it.o [1]
_interrupt_26           0x008bc7         Code  Gb  stm8s_it.o [1]
_interrupt_3            0x008ba7         Code  Gb  stm8s_it.o [1]
_interrupt_4            0x008ba9         Code  Gb  stm8s_it.o [1]
_interrupt_5            0x008bab         Code  Gb  stm8s_it.o [1]
_interrupt_6            0x008bad         Code  Gb  stm8s_it.o [1]
_interrupt_7            0x008baf         Code  Gb  stm8s_it.o [1]
_interrupt_8            0x008bb1         Code  Gb  stm8s_it.o [1]
_interrupt_9            0x008bb3         Code  Gb  stm8s_it.o [1]
assert_failed           0x008bc9    0x1  Code  Gb  main.o [1]
eBuffState              0x00017e    0x1  Data  Gb  base_logic.o [1]
exit                    0x008b9d    0x3  Code  Gb  exit.o [4]
main                    0x0087ce   0x7d  Code  Gb  main.o [1]
u32ProgAddr             0x000010    0x4  Data  Gb  main.o [1]
u8CRC                   0x000181    0x1  Data  Gb  uart.o [1]
u8CountRecieve          0x00017f    0x1  Data  Gb  main.o [1]
u8CountRecieveBlock     0x000182    0x1  Data  Gb  uart.o [1]
u8SoftSize              0x000180    0x1  Data  Gb  uart.o [1]
u8UART_RecieveNoIRQ     0x008b82    0xc  Code  Gb  uart.o [1]
vUART_Config            0x008a26   0x2a  Code  Gb  uart.o [1]
vUART_Recieve           0x008a50   0x29  Code  Gb  uart.o [1]


[1] = C:\dev\MCU\STM8\Serial_bootloader\Debug\Obj
[2] = command line
[3] = dbgstm8smd.a
[4] = dlstm8smn.a

  2 388 bytes of readonly  code memory
    298 bytes of readwrite code memory
    631 bytes of readonly  data memory
    345 bytes of readwrite data memory

Errors: none
Warnings: none
