###############################################################################
#
# IAR ELF Linker V3.11.1.207 for STM8                     09/Sep/2021  19:13:15
# Copyright 2010-2019 IAR Systems AB.
#
#    Output file  =  
#        C:\dev\MCU\STM8\Serial_bootloader\Debug\Exe\SPL_STM8S_template.out
#    Map file     =  
#        C:\dev\MCU\STM8\Serial_bootloader\Debug\List\SPL_STM8S_template.map
#    Command line =  
#        -f C:\Users\ferna\AppData\Local\Temp\EW76E9.tmp
#        (C:\dev\MCU\STM8\Serial_bootloader\Debug\Obj\base_logic.o
#        C:\dev\MCU\STM8\Serial_bootloader\Debug\Obj\flash.o
#        C:\dev\MCU\STM8\Serial_bootloader\Debug\Obj\main.o
#        C:\dev\MCU\STM8\Serial_bootloader\Debug\Obj\stm8s_clk.o
#        C:\dev\MCU\STM8\Serial_bootloader\Debug\Obj\stm8s_flash.o
#        C:\dev\MCU\STM8\Serial_bootloader\Debug\Obj\stm8s_gpio.o
#        C:\dev\MCU\STM8\Serial_bootloader\Debug\Obj\stm8s_it.o
#        C:\dev\MCU\STM8\Serial_bootloader\Debug\Obj\stm8s_rst.o
#        C:\dev\MCU\STM8\Serial_bootloader\Debug\Obj\stm8s_tim1.o
#        C:\dev\MCU\STM8\Serial_bootloader\Debug\Obj\stm8s_tim2.o
#        C:\dev\MCU\STM8\Serial_bootloader\Debug\Obj\stm8s_tim4.o
#        C:\dev\MCU\STM8\Serial_bootloader\Debug\Obj\stm8s_uart1.o
#        C:\dev\MCU\STM8\Serial_bootloader\Debug\Obj\uart.o --redirect
#        _Printf=_PrintfSmall --redirect _Scanf=_ScanfSmall --no_out_extension
#        -o C:\dev\MCU\STM8\Serial_bootloader\Debug\Exe\SPL_STM8S_template.out
#        --map
#        C:\dev\MCU\STM8\Serial_bootloader\Debug\List\SPL_STM8S_template.map
#        --log
#        libraries,initialization,modules,redirects,sections,unused_fragments
#        --log_file
#        C:\dev\MCU\STM8\Serial_bootloader\Debug\List\SPL_STM8S_template.log
#        --config C:\dev\MCU\STM8\Serial_bootloader\lnkstm8s103f3.icf
#        --config_def _CSTACK_SIZE=0x100 --config_def _HEAP_SIZE=0x100 --entry
#        __iar_program_start --debug_lib)
#
###############################################################################

*******************************************************************************
*** RUNTIME MODEL ATTRIBUTES
***

__SystemLibrary            = DLib
__code_model               = small
__core                     = stm8
__data_model               = medium
__dlib_file_descriptor     = 0
__dlib_full_locale_support = 0
__rt_version               = 4


*******************************************************************************
*** PLACEMENT SUMMARY
***

"A0":  place at start of [0x000000-0x0000ff] { rw section .vregs };
"A1":  place at end of [0x000000-0x0003ff] { block CSTACK };
"P2":  place in [from 0x000000 to 0x0003ff] {
          block HEAP, rw section __DLIB_PERTHREAD, rw section .far.bss,
          rw section .far.data, rw section .far.noinit,
          rw section .far_func.textrw, rw section .huge.bss,
          rw section .huge.data, rw section .huge.noinit,
          rw section .huge_func.textrw, rw section .iar.dynexit,
          rw section .near.bss, rw section .near.data, rw section .near.noinit,
          rw section .near_func.textrw };
"A2":  place at start of [0x009300-0x009fff] { block INTVEC };
"P3":  place in [from 0x009300 to 0x009fff] {
          ro section __DLIB_PERTHREAD_init, ro section .far.data_init,
          ro section .far_func.textrw_init, ro section .huge.data_init,
          ro section .huge_func.textrw_init, ro section .iar.init_table,
          ro section .init_array, ro section .near.data_init,
          ro section .near.rodata, ro section .near_func.text,
          ro section .near_func.textrw_init, ro section .tiny.data_init,
          ro section .tiny.rodata_init };
"P4":  place in [from 0x009300 to 0x009fff] {
          ro section .far.rodata, ro section .far_func.text };
"P5":  place in [from 0x009300 to 0x009fff] {
          ro section .huge.rodata, ro section .huge_func.text };
do not initialize {
   rw section .eeprom.noinit, rw section .far.noinit, rw section .huge.noinit,
   rw section .near.noinit, rw section .tiny.noinit, rw section .vregs };
initialize by copy {
   rw section .far.bss, rw section .far.data, rw section .far_func.textrw,
   rw section .huge.bss, rw section .huge.data, rw section .huge_func.textrw,
   rw section .iar.dynexit, rw section .near.bss, rw section .near.data,
   rw section .near_func.textrw, rw section .tiny.bss, rw section .tiny.data,
   ro section .tiny.rodata };

No sections matched the following patterns:

  ro section .far.data_init          in "P3-P5"
  ro section .far.rodata             in "P3-P5"
  ro section .far_func.text          in "P3-P5"
  ro section .far_func.textrw_init   in "P3-P5"
  ro section .huge.data_init         in "P3-P5"
  ro section .huge.rodata            in "P3-P5"
  ro section .huge_func.text         in "P3-P5"
  ro section .huge_func.textrw_init  in "P3-P5"
  ro section .iar.init_table         in "P3-P5"
  ro section .init_array             in "P3-P5"
  ro section .tiny.data_init         in "P3-P5"
  ro section .tiny.rodata_init       in "P3-P5"
  ro section __DLIB_PERTHREAD_init   in "P3-P5"
  rw section .far.bss                in "P2"
  rw section .far.data               in "P2"
  rw section .far.noinit             in "P2"
  rw section .far_func.textrw        in "P2"
  rw section .huge.bss               in "P2"
  rw section .huge.data              in "P2"
  rw section .huge.noinit            in "P2"
  rw section .huge_func.textrw       in "P2"
  rw section .iar.dynexit            in "P2"
  rw section .near.noinit            in "P2"
  rw section .tiny.bss               in "P1"
  rw section .tiny.data              in "P1"
  rw section .tiny.noinit            in "P1"
  rw section .tiny.rodata            in "P1"
  rw section __DLIB_PERTHREAD        in "P2"
  section .eeprom.data               in "P6-P8"
  section .eeprom.noinit             in "P6-P8"
  section .eeprom.rodata             in "P6-P8"


  Section              Kind      Address   Size  Object
  -------              ----      -------   ----  ------
"A0":                                      0x10
  .vregs               uninit   0x000000   0x10  vregs.o [4]
                              - 0x000010   0x10

"P2", part 1 of 2:                        0x12e
  P2-1                          0x000010  0x12e  <Init block>
    .near.data         inited   0x000010    0x1  main.o [1]
    .near.data         inited   0x000011    0x1  main.o [1]
    .near.data         inited   0x000012    0x1  main.o [1]
    .near.data         inited   0x000013    0x1  main.o [1]
    .near_func.textrw  inited   0x000014  0x12a  stm8s_flash.o [1]
                              - 0x00013e  0x12e

"P2", part 2 of 2:                         0x43
  .near.bss            zero     0x00013e   0x40  main.o [1]
  .near.bss            zero     0x00017e    0x1  base_logic.o [1]
  .near.bss            zero     0x00017f    0x1  main.o [1]
  .near.bss            zero     0x000180    0x1  main.o [1]
                              - 0x000181   0x43

"A1":                                     0x100
  CSTACK                        0x000300  0x100  <Block>
    CSTACK             uninit   0x000300  0x100  <Block tail>
                              - 0x000400  0x100

"A2":                                      0x80
  INTVEC                        0x009300   0x80  <Block>
    .intvec            const    0x009300   0x80  interrupt.o [4]
                              - 0x009380   0x80

"P3-P5":                                  0xb9d
  .near_func.text      ro code  0x009380  0x226  stm8s_uart1.o [1]
  .near_func.text      ro code  0x0095a6  0x146  long.o [4]
  Initializer bytes    const    0x0096ec  0x12e  <for P2-1>
  .near_func.text      ro code  0x00981a  0x10e  stm8s_gpio.o [1]
  .near_func.text      ro code  0x009928   0xe6  main.o [1]
  .near_func.text      ro code  0x009a0e   0xcc  stm8s_uart1.o [1]
  .near_func.text      ro code  0x009ada   0xc4  vreg_util.o [4]
  .near_func.text      ro code  0x009b9e   0x7b  stm8s_clk.o [1]
  .near_func.text      ro code  0x009c19   0x47  long_util.o [4]
  .near.rodata         const    0x009c60   0x3c  stm8s_flash.o [1]
  .near.rodata         const    0x009c9c   0x3c  stm8s_uart1.o [1]
  .near.rodata         const    0x009cd8   0x3b  stm8s_gpio.o [1]
  .near_func.text      ro code  0x009d13   0x3b  stm8s_flash.o [1]
  .near_func.text      ro code  0x009d4e   0x2d  uart.o [1]
  .near_func.text      ro code  0x009d7b   0x2b  stm8s_flash.o [1]
  .near_func.text      ro code  0x009da6   0x2a  uart.o [1]
  .near_func.text      ro code  0x009dd0   0x28  init_small.o [4]
  .near_func.text      ro code  0x009df8   0x25  dc_util.o [4]
  .near_func.text      ro code  0x009e1d   0x21  main.o [1]
  .iar.init_table      const    0x009e3e   0x12  - Linker created -
  .near_func.text      ro code  0x009e50   0x1e  init_small.o [4]
  .near_func.text      ro code  0x009e6e   0x14  init.o [4]
  .near_func.text      ro code  0x009e82   0x14  __dbg_xxexit.o [3]
  .near_func.text      ro code  0x009e96   0x13  cstartup.o [4]
  .near_func.text      ro code  0x009ea9    0xe  stm8s_uart1.o [1]
  .near_func.text      ro code  0x009eb7    0xd  short.o [4]
  .near_func.text      ro code  0x009ec4    0xc  uart.o [1]
  .near_func.text      ro code  0x009ed0    0xc  uart.o [1]
  .near_func.text      ro code  0x009edc    0x5  stm8s_it.o [1]
  .near_func.text      ro code  0x009ee1    0x5  cexit.o [4]
  .near.rodata         const    0x009ee6    0x4  stm8s_clk.o [1]
  .near_func.text      ro code  0x009eea    0x3  stm8s_it.o [1]
  .near_func.text      ro code  0x009eed    0x3  interrupt.o [4]
  .near_func.text      ro code  0x009ef0    0x3  low_level_init.o [4]
  .near_func.text      ro code  0x009ef3    0x3  exit.o [4]
  .near_func.text      ro code  0x009ef6    0x3  unhandled_exception.o [4]
  .near_func.text      ro code  0x009ef9    0x2  stm8s_it.o [1]
  .near_func.text      ro code  0x009efb    0x2  stm8s_it.o [1]
  .near_func.text      ro code  0x009efd    0x2  stm8s_it.o [1]
  .near_func.text      ro code  0x009eff    0x2  stm8s_it.o [1]
  .near_func.text      ro code  0x009f01    0x2  stm8s_it.o [1]
  .near_func.text      ro code  0x009f03    0x2  stm8s_it.o [1]
  .near_func.text      ro code  0x009f05    0x2  stm8s_it.o [1]
  .near_func.text      ro code  0x009f07    0x2  stm8s_it.o [1]
  .near_func.text      ro code  0x009f09    0x2  stm8s_it.o [1]
  .near_func.text      ro code  0x009f0b    0x2  stm8s_it.o [1]
  .near_func.text      ro code  0x009f0d    0x2  stm8s_it.o [1]
  .near_func.text      ro code  0x009f0f    0x2  stm8s_it.o [1]
  .near_func.text      ro code  0x009f11    0x2  stm8s_it.o [1]
  .near_func.text      ro code  0x009f13    0x2  stm8s_it.o [1]
  .near_func.text      ro code  0x009f15    0x2  stm8s_it.o [1]
  .near_func.text      ro code  0x009f17    0x2  stm8s_it.o [1]
  .near_func.text      ro code  0x009f19    0x2  stm8s_it.o [1]
  .near_func.text      ro code  0x009f1b    0x1  main.o [1]
  .near_func.text      ro code  0x009f1c    0x1  __dbg_break.o [3]
                              - 0x009f1d  0xb9d


*******************************************************************************
*** INIT TABLE
***

          Address   Size
          -------   ----
Zero (__iar_zero_init2)
    1 destination range, total size 0x43:
          0x00013e   0x43

Copy (__iar_copy_init2)
    1 source range, total size 0x12e:
          0x0096ec  0x12e
    1 destination range, total size 0x12e:
          0x000010  0x12e



*******************************************************************************
*** MODULE SUMMARY
***

    Module                 ro code  rw code  ro data  rw data
    ------                 -------  -------  -------  -------
C:\dev\MCU\STM8\Serial_bootloader\Debug\Obj: [1]
    base_logic.o                                            1
    main.o                     264                 4       70
    stm8s_clk.o                123                 4
    stm8s_flash.o              102      298      358
    stm8s_gpio.o               270                59
    stm8s_it.o                  42
    stm8s_uart1.o              768                60
    uart.o                     111
    ---------------------------------------------------------
    Total:                   1 680      298      485       71

command line: [2]
    ---------------------------------------------------------
    Total:

dbgstm8smd.a: [3]
    __dbg_break.o                1
    __dbg_xxexit.o              20
    ---------------------------------------------------------
    Total:                      21

dlstm8smn.a: [4]
    cexit.o                      5
    cstartup.o                  19
    dc_util.o                   37
    exit.o                       3
    init.o                      20
    init_small.o                70
    interrupt.o                  3               128
    long.o                     326
    long_util.o                 71
    low_level_init.o             3
    short.o                     13
    unhandled_exception.o        3
    vreg_util.o                196
    vregs.o                                                16
    ---------------------------------------------------------
    Total:                     769               128       16

    Linker created                                18      256
-------------------------------------------------------------
    Grand Total:             2 470      298      631      343


*******************************************************************************
*** ENTRY LIST
***

Entry                    Address   Size  Type      Object
-----                    -------   ----  ----      ------
.iar.init_table$$Base   0x009e3e          --   Gb  - Linker created -
.iar.init_table$$Limit  0x009e50          --   Gb  - Linker created -
?add32_l0_l0_0x         0x0095a9         Code  Gb  long.o [4]
?add32_l0_l0_l1         0x0095a6         Code  Gb  long.o [4]
?b0                     0x000000         Data  Gb  vregs.o [4]
?b1                     0x000001         Data  Gb  vregs.o [4]
?b10                    0x00000a         Data  Gb  vregs.o [4]
?b11                    0x00000b         Data  Gb  vregs.o [4]
?b12                    0x00000c         Data  Gb  vregs.o [4]
?b13                    0x00000d         Data  Gb  vregs.o [4]
?b14                    0x00000e         Data  Gb  vregs.o [4]
?b15                    0x00000f         Data  Gb  vregs.o [4]
?b2                     0x000002         Data  Gb  vregs.o [4]
?b3                     0x000003         Data  Gb  vregs.o [4]
?b4                     0x000004         Data  Gb  vregs.o [4]
?b5                     0x000005         Data  Gb  vregs.o [4]
?b6                     0x000006         Data  Gb  vregs.o [4]
?b7                     0x000007         Data  Gb  vregs.o [4]
?b8                     0x000008         Data  Gb  vregs.o [4]
?b9                     0x000009         Data  Gb  vregs.o [4]
?dc32_l0                0x009df8         Code  Gb  dc_util.o [4]
?dc32_l1                0x009e05         Code  Gb  dc_util.o [4]
?dc32_px                0x009e12         Code  Gb  dc_util.o [4]
?e0                     0x000001         Data  Gb  vregs.o [4]
?e1                     0x000005         Data  Gb  vregs.o [4]
?e2                     0x000009         Data  Gb  vregs.o [4]
?e3                     0x00000d         Data  Gb  vregs.o [4]
?epilogue_l2            0x009b59         Code  Gb  vreg_util.o [4]
?epilogue_l2_l3         0x009b56         Code  Gb  vreg_util.o [4]
?l0                     0x000000         Data  Gb  vregs.o [4]
?l1                     0x000004         Data  Gb  vregs.o [4]
?l2                     0x000008         Data  Gb  vregs.o [4]
?l3                     0x00000c         Data  Gb  vregs.o [4]
?load32_0x_l0           0x009c52         Code  Gb  long_util.o [4]
?load32_asp_l0          0x009c46         Code  Gb  long_util.o [4]
?load32_dbsp_l0         0x009c41         Code  Gb  long_util.o [4]
?load32_l0_0x           0x009c29         Code  Gb  long_util.o [4]
?load32_l0_asp          0x009c1e         Code  Gb  long_util.o [4]
?load32_l0_dbsp         0x009c19         Code  Gb  long_util.o [4]
?load32_l0_xsp          0x009c20         Code  Gb  long_util.o [4]
?load32_l1_0x           0x009c35         Code  Gb  long_util.o [4]
?load32_xsp_l0          0x009c48         Code  Gb  long_util.o [4]
?mov_e0_e2              0x009b60         Code  Gb  vreg_util.o [4]
?mov_e0_e3              0x009b6d         Code  Gb  vreg_util.o [4]
?mov_e1_e0              0x009b7a         Code  Gb  vreg_util.o [4]
?mov_e2_e0              0x009b87         Code  Gb  vreg_util.o [4]
?mov_e3_e0              0x009b94         Code  Gb  vreg_util.o [4]
?mov_l0_l2              0x009b5d         Code  Gb  vreg_util.o [4]
?mov_l0_l3              0x009b6a         Code  Gb  vreg_util.o [4]
?mov_l1_l0              0x009b77         Code  Gb  vreg_util.o [4]
?mov_l2_l0              0x009b84         Code  Gb  vreg_util.o [4]
?mov_l3_l0              0x009b91         Code  Gb  vreg_util.o [4]
?mov_w1_w5              0x009b63         Code  Gb  vreg_util.o [4]
?mov_w1_w7              0x009b70         Code  Gb  vreg_util.o [4]
?mov_w3_w1              0x009b7d         Code  Gb  vreg_util.o [4]
?mov_w5_w1              0x009b8a         Code  Gb  vreg_util.o [4]
?mov_w7_w1              0x009b97         Code  Gb  vreg_util.o [4]
?mul32_l0_l0_0x         0x0095df         Code  Gb  long.o [4]
?mul32_l0_l0_dl         0x0095dc         Code  Gb  long.o [4]
?mul32_l0_l0_l1         0x0095e8         Code  Gb  long.o [4]
?pop_l1                 0x009b2d         Code  Gb  vreg_util.o [4]
?pop_l2                 0x009b38         Code  Gb  vreg_util.o [4]
?pop_l3                 0x009b43         Code  Gb  vreg_util.o [4]
?pop_w4                 0x009af2         Code  Gb  vreg_util.o [4]
?push_l0                0x009b01         Code  Gb  vreg_util.o [4]
?push_l2                0x009b06         Code  Gb  vreg_util.o [4]
?push_l3                0x009b0b         Code  Gb  vreg_util.o [4]
?push_w4                0x009ada         Code  Gb  vreg_util.o [4]
?sll16_x_x_a            0x009eb7         Code  Gb  short.o [4]
?sll32_0x_0x_a          0x0096de         Code  Gb  long.o [4]
?sll32_l0_l0_a          0x0096db         Code  Gb  long.o [4]
?srl16_x_x_4            0x009ebf         Code  Gb  short.o [4]
?sub32_l0_l0_0x         0x0095c4         Code  Gb  long.o [4]
?sub32_l0_l0_l1         0x0095c1         Code  Gb  long.o [4]
?udiv32_l0_dl_l1        0x009666         Code  Gb  long.o [4]
?udiv32_l0_l0_dl        0x00966b         Code  Gb  long.o [4]
?udiv32_l0_l0_l1        0x00966e         Code  Gb  long.o [4]
?umod32_l1_l0_l1        0x00966e         Code  Gb  long.o [4]
?w0                     0x000000         Data  Gb  vregs.o [4]
?w1                     0x000002         Data  Gb  vregs.o [4]
?w2                     0x000004         Data  Gb  vregs.o [4]
?w3                     0x000006         Data  Gb  vregs.o [4]
?w4                     0x000008         Data  Gb  vregs.o [4]
?w5                     0x00000a         Data  Gb  vregs.o [4]
?w6                     0x00000c         Data  Gb  vregs.o [4]
?w7                     0x00000e         Data  Gb  vregs.o [4]
ADC1_IRQHandler         0x009f15    0x2  Code  Gb  stm8s_it.o [1]
AWU_IRQHandler          0x009efb    0x2  Code  Gb  stm8s_it.o [1]
CLK_GetClockFreq        0x009b9e   0x7b  Code  Gb  stm8s_clk.o [1]
CLK_IRQHandler          0x009efd    0x2  Code  Gb  stm8s_it.o [1]
CSTACK$$Base            0x000300          --   Gb  - Linker created -
CSTACK$$Limit           0x000400          --   Gb  - Linker created -
EEPROM_EEC_IRQHandler   0x009f19    0x2  Code  Gb  stm8s_it.o [1]
EXTI_PORTA_IRQHandler   0x009eff    0x2  Code  Gb  stm8s_it.o [1]
EXTI_PORTB_IRQHandler   0x009f01    0x2  Code  Gb  stm8s_it.o [1]
EXTI_PORTC_IRQHandler   0x009f03    0x2  Code  Gb  stm8s_it.o [1]
EXTI_PORTD_IRQHandler   0x009f05    0x2  Code  Gb  stm8s_it.o [1]
EXTI_PORTE_IRQHandler   0x009f07    0x2  Code  Gb  stm8s_it.o [1]
FLASH_Lock              0x009d7b   0x2b  Code  Gb  stm8s_flash.o [1]
FLASH_ProgramBlock      0x000014  0x12a  Code  Gb  stm8s_flash.o [1]
FLASH_Unlock            0x009d13   0x3b  Code  Gb  stm8s_flash.o [1]
GPIO_Init               0x00981a  0x10e  Code  Gb  stm8s_gpio.o [1]
HSIDivFactor            0x009ee6    0x4  Data  Gb  stm8s_clk.o [1]
I2C_IRQHandler          0x009f13    0x2  Code  Gb  stm8s_it.o [1]
INTVEC$$Base            0x009300          --   Gb  - Linker created -
INTVEC$$Limit           0x009380          --   Gb  - Linker created -
RXBuff                  0x00013e   0x40  Data  Gb  main.o [1]
Region$$Table$$Base     0x009e3e          --   Gb  - Linker created -
Region$$Table$$Limit    0x009e50          --   Gb  - Linker created -
SPI_IRQHandler          0x009f09    0x2  Code  Gb  stm8s_it.o [1]
SystemInit              0x009e1d   0x21  Code  Gb  main.o [1]
TIM1_CAP_COM_IRQHandler
                        0x009f0d    0x2  Code  Gb  stm8s_it.o [1]
TIM1_UPD_OVF_TRG_BRK_IRQHandler
                        0x009f0b    0x2  Code  Gb  stm8s_it.o [1]
TIM2_CAP_COM_IRQHandler
                        0x009f11    0x2  Code  Gb  stm8s_it.o [1]
TIM2_UPD_OVF_BRK_IRQHandler
                        0x009f0f    0x2  Code  Gb  stm8s_it.o [1]
TIM4_UPD_OVF_IRQHandler
                        0x009f17    0x2  Code  Gb  stm8s_it.o [1]
TLI_IRQHandler          0x009ef9    0x2  Code  Gb  stm8s_it.o [1]
TRAP_IRQHandler         0x009edc    0x5  Code  Gb  stm8s_it.o [1]
UART1_Cmd               0x009ea9    0xe  Code  Gb  stm8s_uart1.o [1]
UART1_ITConfig          0x009a0e   0xcc  Code  Gb  stm8s_uart1.o [1]
UART1_Init              0x009380  0x226  Code  Gb  stm8s_uart1.o [1]
UART1_TX_IRQHandler     0x009eea    0x3  Code  Gb  stm8s_it.o [1]
__DebugBreak            0x009f1c    0x1  Code  Gb  __dbg_break.o [3]
__exit                  0x009e82   0x14  Code  Gb  __dbg_xxexit.o [3]
__iar_copy_init2        0x009dd0         Code  Gb  init_small.o [4]
__iar_data_init2        0x009e6e   0x14  Code  Gb  init.o [4]
__iar_program_start     0x009e96         Code  Gb  cstartup.o [4]
__iar_unhandled_exception
                        0x009ef6         Code  Gb  unhandled_exception.o [4]
__iar_zero_init2        0x009e50         Code  Gb  init_small.o [4]
__intvec                0x009300         Data  Gb  interrupt.o [4]
__low_level_init        0x009ef0    0x3  Code  Gb  low_level_init.o [4]
_exit                   0x009ee1         Code  Gb  cexit.o [4]
_interrupt_1            0x009edc         Code  Gb  stm8s_it.o [1]
_interrupt_12           0x009f09         Code  Gb  stm8s_it.o [1]
_interrupt_13           0x009f0b         Code  Gb  stm8s_it.o [1]
_interrupt_14           0x009f0d         Code  Gb  stm8s_it.o [1]
_interrupt_15           0x009f0f         Code  Gb  stm8s_it.o [1]
_interrupt_16           0x009f11         Code  Gb  stm8s_it.o [1]
_interrupt_19           0x009eea         Code  Gb  stm8s_it.o [1]
_interrupt_2            0x009ef9         Code  Gb  stm8s_it.o [1]
_interrupt_21           0x009f13         Code  Gb  stm8s_it.o [1]
_interrupt_24           0x009f15         Code  Gb  stm8s_it.o [1]
_interrupt_25           0x009f17         Code  Gb  stm8s_it.o [1]
_interrupt_26           0x009f19         Code  Gb  stm8s_it.o [1]
_interrupt_3            0x009efb         Code  Gb  stm8s_it.o [1]
_interrupt_4            0x009efd         Code  Gb  stm8s_it.o [1]
_interrupt_5            0x009eff         Code  Gb  stm8s_it.o [1]
_interrupt_6            0x009f01         Code  Gb  stm8s_it.o [1]
_interrupt_7            0x009f03         Code  Gb  stm8s_it.o [1]
_interrupt_8            0x009f05         Code  Gb  stm8s_it.o [1]
_interrupt_9            0x009f07         Code  Gb  stm8s_it.o [1]
assert_failed           0x009f1b    0x1  Code  Gb  main.o [1]
eBuffState              0x00017e    0x1  Data  Gb  base_logic.o [1]
exit                    0x009ef3    0x3  Code  Gb  exit.o [4]
main                    0x009928   0xe6  Code  Gb  main.o [1]
u8ACK                   0x000011    0x1  Data  Gb  main.o [1]
u8BootVersion           0x000013    0x1  Data  Gb  main.o [1]
u8CountBlock            0x00017f    0x1  Data  Gb  main.o [1]
u8CountRecieve          0x000180    0x1  Data  Gb  main.o [1]
u8NACK                  0x000012    0x1  Data  Gb  main.o [1]
u8UART_RecieveNoIRQ     0x009ed0    0xc  Code  Gb  uart.o [1]
u8rCRC                  0x000010    0x1  Data  Gb  main.o [1]
vUART_Config            0x009da6   0x2a  Code  Gb  uart.o [1]
vUART_Recieve           0x009d4e   0x2d  Code  Gb  uart.o [1]
vUART_Transmit          0x009ec4    0xc  Code  Gb  uart.o [1]


[1] = C:\dev\MCU\STM8\Serial_bootloader\Debug\Obj
[2] = command line
[3] = dbgstm8smd.a
[4] = dlstm8smn.a

  2 470 bytes of readonly  code memory
    298 bytes of readwrite code memory
    631 bytes of readonly  data memory
    343 bytes of readwrite data memory

Errors: none
Warnings: none
